<!doctype html public "-//w3c//dtd html 4.0 transitional//en">
<html><head>
<title>Static Call Graph - [.\objects\m3_for_arty_a7.axf]</title></head>
<body><HR>
<H1>Static Call Graph for image .\objects\m3_for_arty_a7.axf</H1><HR>
<BR><P>#&#060CALLGRAPH&#062# ARM Linker, 6240002: Last Updated: Sat Oct 11 07:30:21 2025
<BR><P>
<H3>Maximum Stack Usage =        304 bytes + Unknown(Cycles, Untraceable Function Pointers)</H3><H3>
Call chain for Maximum Stack Depth:</H3>
__rt_entry_main &rArr; main &rArr; handle_buttons_rgb &rArr; __2sprintf &rArr; _printf_char_common &rArr; __printf
<P>
<H3>
Mutually Recursive functions
</H3> <LI><a href="#[1]">NMI_Handler</a>&nbsp;&nbsp;&nbsp;&rArr;&nbsp;&nbsp;&nbsp;<a href="#[1]">NMI_Handler</a><BR>
 <LI><a href="#[2]">HardFault_Handler</a>&nbsp;&nbsp;&nbsp;&rArr;&nbsp;&nbsp;&nbsp;<a href="#[2]">HardFault_Handler</a><BR>
 <LI><a href="#[3]">MemManage_Handler</a>&nbsp;&nbsp;&nbsp;&rArr;&nbsp;&nbsp;&nbsp;<a href="#[3]">MemManage_Handler</a><BR>
 <LI><a href="#[4]">BusFault_Handler</a>&nbsp;&nbsp;&nbsp;&rArr;&nbsp;&nbsp;&nbsp;<a href="#[4]">BusFault_Handler</a><BR>
 <LI><a href="#[5]">UsageFault_Handler</a>&nbsp;&nbsp;&nbsp;&rArr;&nbsp;&nbsp;&nbsp;<a href="#[5]">UsageFault_Handler</a><BR>
 <LI><a href="#[6]">SVC_Handler</a>&nbsp;&nbsp;&nbsp;&rArr;&nbsp;&nbsp;&nbsp;<a href="#[6]">SVC_Handler</a><BR>
 <LI><a href="#[7]">DebugMon_Handler</a>&nbsp;&nbsp;&nbsp;&rArr;&nbsp;&nbsp;&nbsp;<a href="#[7]">DebugMon_Handler</a><BR>
 <LI><a href="#[8]">PendSV_Handler</a>&nbsp;&nbsp;&nbsp;&rArr;&nbsp;&nbsp;&nbsp;<a href="#[8]">PendSV_Handler</a><BR>
 <LI><a href="#[9]">SysTick_Handler</a>&nbsp;&nbsp;&nbsp;&rArr;&nbsp;&nbsp;&nbsp;<a href="#[9]">SysTick_Handler</a><BR>
 <LI><a href="#[11]">DAPLinkFittedn</a>&nbsp;&nbsp;&nbsp;&rArr;&nbsp;&nbsp;&nbsp;<a href="#[11]">DAPLinkFittedn</a><BR>
 <LI><a href="#[48]">XUartLite_SendByte</a>&nbsp;&nbsp;&nbsp;&rArr;&nbsp;&nbsp;&nbsp;<a href="#[48]">XUartLite_SendByte</a><BR>
</UL>
<P>
<H3>
Function Pointers
</H3><UL>
 <LI><a href="#[4]">BusFault_Handler</a> from startup_arty_cm3.o(.text) referenced from startup_arty_cm3.o(RESET)
 <LI><a href="#[11]">DAPLinkFittedn</a> from startup_arty_cm3.o(.text) referenced from startup_arty_cm3.o(RESET)
 <LI><a href="#[e]">DAP_QSPI0_Handler</a> from spi.o(.text) referenced from startup_arty_cm3.o(RESET)
 <LI><a href="#[10]">DAP_QSPI_XIP_Handler</a> from spi.o(.text) referenced from startup_arty_cm3.o(RESET)
 <LI><a href="#[f]">DAP_SPI0_Handler</a> from spi.o(.text) referenced from startup_arty_cm3.o(RESET)
 <LI><a href="#[7]">DebugMon_Handler</a> from startup_arty_cm3.o(.text) referenced from startup_arty_cm3.o(RESET)
 <LI><a href="#[b]">GPIO0_Handler</a> from gpio.o(.text) referenced from startup_arty_cm3.o(RESET)
 <LI><a href="#[c]">GPIO1_Handler</a> from gpio.o(.text) referenced from startup_arty_cm3.o(RESET)
 <LI><a href="#[2]">HardFault_Handler</a> from startup_arty_cm3.o(.text) referenced from startup_arty_cm3.o(RESET)
 <LI><a href="#[3]">MemManage_Handler</a> from startup_arty_cm3.o(.text) referenced from startup_arty_cm3.o(RESET)
 <LI><a href="#[1]">NMI_Handler</a> from startup_arty_cm3.o(.text) referenced from startup_arty_cm3.o(RESET)
 <LI><a href="#[8]">PendSV_Handler</a> from startup_arty_cm3.o(.text) referenced from startup_arty_cm3.o(RESET)
 <LI><a href="#[d]">QSPI0_Handler</a> from spi.o(.text) referenced from startup_arty_cm3.o(RESET)
 <LI><a href="#[2d]">RecvHandler</a> from uart.o(.text) referenced 2 times from uart.o(.text)
 <LI><a href="#[0]">Reset_Handler</a> from startup_arty_cm3.o(.text) referenced from startup_arty_cm3.o(RESET)
 <LI><a href="#[6]">SVC_Handler</a> from startup_arty_cm3.o(.text) referenced from startup_arty_cm3.o(RESET)
 <LI><a href="#[2c]">SendHandler</a> from uart.o(.text) referenced 2 times from uart.o(.text)
 <LI><a href="#[2f]">StubHandler</a> from xuartlite.o(.text) referenced 2 times from xuartlite.o(.text)
 <LI><a href="#[2e]">StubStatusHandler</a> from xspi.o(.text) referenced 2 times from xspi.o(.text)
 <LI><a href="#[9]">SysTick_Handler</a> from startup_arty_cm3.o(.text) referenced from startup_arty_cm3.o(RESET)
 <LI><a href="#[2a]">SystemInit</a> from system_arty_cm3.o(.text) referenced from startup_arty_cm3.o(.text)
 <LI><a href="#[a]">UART0_Handler</a> from uart.o(.text) referenced from startup_arty_cm3.o(RESET)
 <LI><a href="#[14]">Unused_IRQ10</a> from startup_arty_cm3.o(.text) referenced from startup_arty_cm3.o(RESET)
 <LI><a href="#[15]">Unused_IRQ11</a> from startup_arty_cm3.o(.text) referenced from startup_arty_cm3.o(RESET)
 <LI><a href="#[16]">Unused_IRQ12</a> from startup_arty_cm3.o(.text) referenced from startup_arty_cm3.o(RESET)
 <LI><a href="#[17]">Unused_IRQ13</a> from startup_arty_cm3.o(.text) referenced from startup_arty_cm3.o(RESET)
 <LI><a href="#[18]">Unused_IRQ14</a> from startup_arty_cm3.o(.text) referenced from startup_arty_cm3.o(RESET)
 <LI><a href="#[19]">Unused_IRQ15</a> from startup_arty_cm3.o(.text) referenced from startup_arty_cm3.o(RESET)
 <LI><a href="#[1a]">Unused_IRQ16</a> from startup_arty_cm3.o(.text) referenced from startup_arty_cm3.o(RESET)
 <LI><a href="#[1b]">Unused_IRQ17</a> from startup_arty_cm3.o(.text) referenced from startup_arty_cm3.o(RESET)
 <LI><a href="#[1c]">Unused_IRQ18</a> from startup_arty_cm3.o(.text) referenced from startup_arty_cm3.o(RESET)
 <LI><a href="#[1d]">Unused_IRQ19</a> from startup_arty_cm3.o(.text) referenced from startup_arty_cm3.o(RESET)
 <LI><a href="#[1e]">Unused_IRQ20</a> from startup_arty_cm3.o(.text) referenced from startup_arty_cm3.o(RESET)
 <LI><a href="#[1f]">Unused_IRQ21</a> from startup_arty_cm3.o(.text) referenced from startup_arty_cm3.o(RESET)
 <LI><a href="#[20]">Unused_IRQ22</a> from startup_arty_cm3.o(.text) referenced from startup_arty_cm3.o(RESET)
 <LI><a href="#[21]">Unused_IRQ23</a> from startup_arty_cm3.o(.text) referenced from startup_arty_cm3.o(RESET)
 <LI><a href="#[22]">Unused_IRQ24</a> from startup_arty_cm3.o(.text) referenced from startup_arty_cm3.o(RESET)
 <LI><a href="#[23]">Unused_IRQ25</a> from startup_arty_cm3.o(.text) referenced from startup_arty_cm3.o(RESET)
 <LI><a href="#[24]">Unused_IRQ26</a> from startup_arty_cm3.o(.text) referenced from startup_arty_cm3.o(RESET)
 <LI><a href="#[25]">Unused_IRQ27</a> from startup_arty_cm3.o(.text) referenced from startup_arty_cm3.o(RESET)
 <LI><a href="#[26]">Unused_IRQ28</a> from startup_arty_cm3.o(.text) referenced from startup_arty_cm3.o(RESET)
 <LI><a href="#[27]">Unused_IRQ29</a> from startup_arty_cm3.o(.text) referenced from startup_arty_cm3.o(RESET)
 <LI><a href="#[28]">Unused_IRQ30</a> from startup_arty_cm3.o(.text) referenced from startup_arty_cm3.o(RESET)
 <LI><a href="#[29]">Unused_IRQ31</a> from startup_arty_cm3.o(.text) referenced from startup_arty_cm3.o(RESET)
 <LI><a href="#[12]">Unused_IRQ8</a> from startup_arty_cm3.o(.text) referenced from startup_arty_cm3.o(RESET)
 <LI><a href="#[13]">Unused_IRQ9</a> from startup_arty_cm3.o(.text) referenced from startup_arty_cm3.o(RESET)
 <LI><a href="#[5]">UsageFault_Handler</a> from startup_arty_cm3.o(.text) referenced from startup_arty_cm3.o(RESET)
 <LI><a href="#[2b]">__main</a> from __main.o(!!!main) referenced from startup_arty_cm3.o(.text)
 <LI><a href="#[31]">_printf_input_char</a> from _printf_char_common.o(.text) referenced from _printf_char_common.o(.text)
 <LI><a href="#[30]">_sputc</a> from _sputc.o(.text) referenced from noretval__2sprintf.o(.text)
</UL>
<P>
<H3>
Global Symbols
</H3>
<P><STRONG><a name="[2b]"></a>__main</STRONG> (Thumb, 8 bytes, Stack size 0 bytes, __main.o(!!!main))
<BR><BR>[Calls]<UL><LI><a href="#[34]">&gt;&gt;</a>&nbsp;&nbsp;&nbsp;__rt_entry
<LI><a href="#[33]">&gt;&gt;</a>&nbsp;&nbsp;&nbsp;__scatterload
</UL>
<BR>[Address Reference Count : 1]<UL><LI> startup_arty_cm3.o(.text)
</UL>
<P><STRONG><a name="[33]"></a>__scatterload</STRONG> (Thumb, 0 bytes, Stack size unknown bytes, __scatter.o(!!!scatter))
<BR><BR>[Called By]<UL><LI><a href="#[2b]">&gt;&gt;</a>&nbsp;&nbsp;&nbsp;__main
</UL>

<P><STRONG><a name="[35]"></a>__scatterload_rt2</STRONG> (Thumb, 84 bytes, Stack size unknown bytes, __scatter.o(!!!scatter), UNUSED)
<BR><BR>[Calls]<UL><LI><a href="#[34]">&gt;&gt;</a>&nbsp;&nbsp;&nbsp;__rt_entry
</UL>

<P><STRONG><a name="[8f]"></a>__scatterload_rt2_thumb_only</STRONG> (Thumb, 0 bytes, Stack size unknown bytes, __scatter.o(!!!scatter), UNUSED)

<P><STRONG><a name="[90]"></a>__scatterload_loop</STRONG> (Thumb, 0 bytes, Stack size unknown bytes, __scatter.o(!!!scatter), UNUSED)

<P><STRONG><a name="[36]"></a>__scatterload_copy</STRONG> (Thumb, 26 bytes, Stack size unknown bytes, __scatter_copy.o(!!handler_copy), UNUSED)
<BR><BR>[Calls]<UL><LI><a href="#[36]">&gt;&gt;</a>&nbsp;&nbsp;&nbsp;__scatterload_copy
</UL>
<BR>[Called By]<UL><LI><a href="#[36]">&gt;&gt;</a>&nbsp;&nbsp;&nbsp;__scatterload_copy
</UL>

<P><STRONG><a name="[91]"></a>__scatterload_null</STRONG> (Thumb, 2 bytes, Stack size unknown bytes, __scatter.o(!!handler_null), UNUSED)

<P><STRONG><a name="[92]"></a>__scatterload_zeroinit</STRONG> (Thumb, 28 bytes, Stack size unknown bytes, __scatter_zi.o(!!handler_zi), UNUSED)

<P><STRONG><a name="[37]"></a>_printf_i</STRONG> (Thumb, 0 bytes, Stack size unknown bytes, _printf_i.o(.ARM.Collect$$_printf_percent$$00000008))
<BR><BR>[Stack]<UL><LI>Max Depth = 56 + Unknown Stack Size
<LI>Call Chain = _printf_i &rArr; _printf_int_dec &rArr; _printf_int_common
</UL>
<BR>[Calls]<UL><LI><a href="#[38]">&gt;&gt;</a>&nbsp;&nbsp;&nbsp;_printf_int_dec
</UL>

<P><STRONG><a name="[88]"></a>_printf_percent</STRONG> (Thumb, 0 bytes, Stack size unknown bytes, _printf_percent.o(.ARM.Collect$$_printf_percent$$00000000))
<BR><BR>[Called By]<UL><LI><a href="#[87]">&gt;&gt;</a>&nbsp;&nbsp;&nbsp;__printf
</UL>

<P><STRONG><a name="[39]"></a>_printf_d</STRONG> (Thumb, 0 bytes, Stack size unknown bytes, _printf_d.o(.ARM.Collect$$_printf_percent$$00000009))
<BR><BR>[Stack]<UL><LI>Max Depth = 56 + Unknown Stack Size
<LI>Call Chain = _printf_d &rArr; _printf_int_dec &rArr; _printf_int_common
</UL>
<BR>[Calls]<UL><LI><a href="#[38]">&gt;&gt;</a>&nbsp;&nbsp;&nbsp;_printf_int_dec
</UL>

<P><STRONG><a name="[3a]"></a>_printf_s</STRONG> (Thumb, 0 bytes, Stack size unknown bytes, _printf_s.o(.ARM.Collect$$_printf_percent$$00000014))
<BR><BR>[Stack]<UL><LI>Max Depth = 24 + Unknown Stack Size
<LI>Call Chain = _printf_s &rArr; _printf_string &rArr; _printf_cs_common &rArr; _printf_str
</UL>
<BR>[Calls]<UL><LI><a href="#[3b]">&gt;&gt;</a>&nbsp;&nbsp;&nbsp;_printf_string
</UL>

<P><STRONG><a name="[93]"></a>_printf_percent_end</STRONG> (Thumb, 0 bytes, Stack size unknown bytes, _printf_percent_end.o(.ARM.Collect$$_printf_percent$$00000017))

<P><STRONG><a name="[3f]"></a>__rt_lib_init</STRONG> (Thumb, 0 bytes, Stack size unknown bytes, libinit.o(.ARM.Collect$$libinit$$00000000))
<BR><BR>[Called By]<UL><LI><a href="#[3e]">&gt;&gt;</a>&nbsp;&nbsp;&nbsp;__rt_entry_li
</UL>

<P><STRONG><a name="[94]"></a>__rt_lib_init_alloca_1</STRONG> (Thumb, 0 bytes, Stack size unknown bytes, libinit2.o(.ARM.Collect$$libinit$$00000030))

<P><STRONG><a name="[95]"></a>__rt_lib_init_argv_1</STRONG> (Thumb, 0 bytes, Stack size unknown bytes, libinit2.o(.ARM.Collect$$libinit$$0000002E))

<P><STRONG><a name="[96]"></a>__rt_lib_init_atexit_1</STRONG> (Thumb, 0 bytes, Stack size unknown bytes, libinit2.o(.ARM.Collect$$libinit$$0000001D))

<P><STRONG><a name="[97]"></a>__rt_lib_init_clock_1</STRONG> (Thumb, 0 bytes, Stack size unknown bytes, libinit2.o(.ARM.Collect$$libinit$$00000023))

<P><STRONG><a name="[98]"></a>__rt_lib_init_cpp_1</STRONG> (Thumb, 0 bytes, Stack size unknown bytes, libinit2.o(.ARM.Collect$$libinit$$00000034))

<P><STRONG><a name="[99]"></a>__rt_lib_init_exceptions_1</STRONG> (Thumb, 0 bytes, Stack size unknown bytes, libinit2.o(.ARM.Collect$$libinit$$00000032))

<P><STRONG><a name="[9a]"></a>__rt_lib_init_fp_1</STRONG> (Thumb, 0 bytes, Stack size unknown bytes, libinit2.o(.ARM.Collect$$libinit$$00000002))

<P><STRONG><a name="[9b]"></a>__rt_lib_init_fp_trap_1</STRONG> (Thumb, 0 bytes, Stack size unknown bytes, libinit2.o(.ARM.Collect$$libinit$$00000021))

<P><STRONG><a name="[9c]"></a>__rt_lib_init_getenv_1</STRONG> (Thumb, 0 bytes, Stack size unknown bytes, libinit2.o(.ARM.Collect$$libinit$$00000025))

<P><STRONG><a name="[9d]"></a>__rt_lib_init_heap_1</STRONG> (Thumb, 0 bytes, Stack size unknown bytes, libinit2.o(.ARM.Collect$$libinit$$0000000C))

<P><STRONG><a name="[9e]"></a>__rt_lib_init_lc_collate_1</STRONG> (Thumb, 0 bytes, Stack size unknown bytes, libinit2.o(.ARM.Collect$$libinit$$00000013))

<P><STRONG><a name="[9f]"></a>__rt_lib_init_lc_ctype_1</STRONG> (Thumb, 0 bytes, Stack size unknown bytes, libinit2.o(.ARM.Collect$$libinit$$00000015))

<P><STRONG><a name="[a0]"></a>__rt_lib_init_lc_monetary_1</STRONG> (Thumb, 0 bytes, Stack size unknown bytes, libinit2.o(.ARM.Collect$$libinit$$00000017))

<P><STRONG><a name="[a1]"></a>__rt_lib_init_lc_numeric_1</STRONG> (Thumb, 0 bytes, Stack size unknown bytes, libinit2.o(.ARM.Collect$$libinit$$00000019))

<P><STRONG><a name="[a2]"></a>__rt_lib_init_lc_time_1</STRONG> (Thumb, 0 bytes, Stack size unknown bytes, libinit2.o(.ARM.Collect$$libinit$$0000001B))

<P><STRONG><a name="[a3]"></a>__rt_lib_init_preinit_1</STRONG> (Thumb, 0 bytes, Stack size unknown bytes, libinit2.o(.ARM.Collect$$libinit$$00000006))

<P><STRONG><a name="[a4]"></a>__rt_lib_init_rand_1</STRONG> (Thumb, 0 bytes, Stack size unknown bytes, libinit2.o(.ARM.Collect$$libinit$$00000010))

<P><STRONG><a name="[a5]"></a>__rt_lib_init_relocate_pie_1</STRONG> (Thumb, 0 bytes, Stack size unknown bytes, libinit2.o(.ARM.Collect$$libinit$$00000004))

<P><STRONG><a name="[a6]"></a>__rt_lib_init_return</STRONG> (Thumb, 0 bytes, Stack size unknown bytes, libinit2.o(.ARM.Collect$$libinit$$00000035))

<P><STRONG><a name="[a7]"></a>__rt_lib_init_signal_1</STRONG> (Thumb, 0 bytes, Stack size unknown bytes, libinit2.o(.ARM.Collect$$libinit$$0000001F))

<P><STRONG><a name="[a8]"></a>__rt_lib_init_stdio_1</STRONG> (Thumb, 0 bytes, Stack size unknown bytes, libinit2.o(.ARM.Collect$$libinit$$00000027))

<P><STRONG><a name="[a9]"></a>__rt_lib_init_user_alloc_1</STRONG> (Thumb, 0 bytes, Stack size unknown bytes, libinit2.o(.ARM.Collect$$libinit$$0000000E))

<P><STRONG><a name="[44]"></a>__rt_lib_shutdown</STRONG> (Thumb, 0 bytes, Stack size unknown bytes, libshutdown.o(.ARM.Collect$$libshutdown$$00000000))
<BR><BR>[Called By]<UL><LI><a href="#[43]">&gt;&gt;</a>&nbsp;&nbsp;&nbsp;__rt_exit_ls
</UL>

<P><STRONG><a name="[aa]"></a>__rt_lib_shutdown_cpp_1</STRONG> (Thumb, 0 bytes, Stack size unknown bytes, libshutdown2.o(.ARM.Collect$$libshutdown$$00000002))

<P><STRONG><a name="[ab]"></a>__rt_lib_shutdown_fp_trap_1</STRONG> (Thumb, 0 bytes, Stack size unknown bytes, libshutdown2.o(.ARM.Collect$$libshutdown$$00000007))

<P><STRONG><a name="[ac]"></a>__rt_lib_shutdown_heap_1</STRONG> (Thumb, 0 bytes, Stack size unknown bytes, libshutdown2.o(.ARM.Collect$$libshutdown$$0000000F))

<P><STRONG><a name="[ad]"></a>__rt_lib_shutdown_return</STRONG> (Thumb, 0 bytes, Stack size unknown bytes, libshutdown2.o(.ARM.Collect$$libshutdown$$00000010))

<P><STRONG><a name="[ae]"></a>__rt_lib_shutdown_signal_1</STRONG> (Thumb, 0 bytes, Stack size unknown bytes, libshutdown2.o(.ARM.Collect$$libshutdown$$0000000A))

<P><STRONG><a name="[af]"></a>__rt_lib_shutdown_stdio_1</STRONG> (Thumb, 0 bytes, Stack size unknown bytes, libshutdown2.o(.ARM.Collect$$libshutdown$$00000004))

<P><STRONG><a name="[b0]"></a>__rt_lib_shutdown_user_alloc_1</STRONG> (Thumb, 0 bytes, Stack size unknown bytes, libshutdown2.o(.ARM.Collect$$libshutdown$$0000000C))

<P><STRONG><a name="[34]"></a>__rt_entry</STRONG> (Thumb, 0 bytes, Stack size unknown bytes, __rtentry.o(.ARM.Collect$$rtentry$$00000000))
<BR><BR>[Called By]<UL><LI><a href="#[2b]">&gt;&gt;</a>&nbsp;&nbsp;&nbsp;__main
<LI><a href="#[35]">&gt;&gt;</a>&nbsp;&nbsp;&nbsp;__scatterload_rt2
</UL>

<P><STRONG><a name="[b1]"></a>__rt_entry_presh_1</STRONG> (Thumb, 0 bytes, Stack size unknown bytes, __rtentry2.o(.ARM.Collect$$rtentry$$00000002))

<P><STRONG><a name="[3c]"></a>__rt_entry_sh</STRONG> (Thumb, 0 bytes, Stack size unknown bytes, __rtentry4.o(.ARM.Collect$$rtentry$$00000004))
<BR><BR>[Stack]<UL><LI>Max Depth = 8 + Unknown Stack Size
<LI>Call Chain = __rt_entry_sh &rArr; __user_setup_stackheap
</UL>
<BR>[Calls]<UL><LI><a href="#[3d]">&gt;&gt;</a>&nbsp;&nbsp;&nbsp;__user_setup_stackheap
</UL>

<P><STRONG><a name="[3e]"></a>__rt_entry_li</STRONG> (Thumb, 0 bytes, Stack size unknown bytes, __rtentry2.o(.ARM.Collect$$rtentry$$0000000A))
<BR><BR>[Calls]<UL><LI><a href="#[3f]">&gt;&gt;</a>&nbsp;&nbsp;&nbsp;__rt_lib_init
</UL>

<P><STRONG><a name="[b2]"></a>__rt_entry_postsh_1</STRONG> (Thumb, 0 bytes, Stack size unknown bytes, __rtentry2.o(.ARM.Collect$$rtentry$$00000009))

<P><STRONG><a name="[40]"></a>__rt_entry_main</STRONG> (Thumb, 0 bytes, Stack size unknown bytes, __rtentry2.o(.ARM.Collect$$rtentry$$0000000D))
<BR><BR>[Stack]<UL><LI>Max Depth = 304 + Unknown Stack Size
<LI>Call Chain = __rt_entry_main &rArr; main &rArr; handle_buttons_rgb &rArr; __2sprintf &rArr; _printf_char_common &rArr; __printf
</UL>
<BR>[Calls]<UL><LI><a href="#[42]">&gt;&gt;</a>&nbsp;&nbsp;&nbsp;exit
<LI><a href="#[41]">&gt;&gt;</a>&nbsp;&nbsp;&nbsp;main
</UL>

<P><STRONG><a name="[b3]"></a>__rt_entry_postli_1</STRONG> (Thumb, 0 bytes, Stack size unknown bytes, __rtentry2.o(.ARM.Collect$$rtentry$$0000000C))

<P><STRONG><a name="[8e]"></a>__rt_exit</STRONG> (Thumb, 0 bytes, Stack size unknown bytes, rtexit.o(.ARM.Collect$$rtexit$$00000000))
<BR><BR>[Called By]<UL><LI><a href="#[42]">&gt;&gt;</a>&nbsp;&nbsp;&nbsp;exit
</UL>

<P><STRONG><a name="[43]"></a>__rt_exit_ls</STRONG> (Thumb, 0 bytes, Stack size unknown bytes, rtexit2.o(.ARM.Collect$$rtexit$$00000003))
<BR><BR>[Calls]<UL><LI><a href="#[44]">&gt;&gt;</a>&nbsp;&nbsp;&nbsp;__rt_lib_shutdown
</UL>

<P><STRONG><a name="[b4]"></a>__rt_exit_prels_1</STRONG> (Thumb, 0 bytes, Stack size unknown bytes, rtexit2.o(.ARM.Collect$$rtexit$$00000002))

<P><STRONG><a name="[45]"></a>__rt_exit_exit</STRONG> (Thumb, 0 bytes, Stack size unknown bytes, rtexit2.o(.ARM.Collect$$rtexit$$00000004))
<BR><BR>[Calls]<UL><LI><a href="#[46]">&gt;&gt;</a>&nbsp;&nbsp;&nbsp;_sys_exit
</UL>

<P><STRONG><a name="[b5]"></a>SystemCoreClockUpdate</STRONG> (Thumb, 20 bytes, Stack size 0 bytes, system_arty_cm3.o(.text), UNUSED)

<P><STRONG><a name="[2a]"></a>SystemInit</STRONG> (Thumb, 20 bytes, Stack size 0 bytes, system_arty_cm3.o(.text))
<BR>[Address Reference Count : 1]<UL><LI> startup_arty_cm3.o(.text)
</UL>
<P><STRONG><a name="[0]"></a>Reset_Handler</STRONG> (Thumb, 8 bytes, Stack size 0 bytes, startup_arty_cm3.o(.text))
<BR>[Address Reference Count : 1]<UL><LI> startup_arty_cm3.o(RESET)
</UL>
<P><STRONG><a name="[1]"></a>NMI_Handler</STRONG> (Thumb, 2 bytes, Stack size 0 bytes, startup_arty_cm3.o(.text))
<BR><BR>[Calls]<UL><LI><a href="#[1]">&gt;&gt;</a>&nbsp;&nbsp;&nbsp;NMI_Handler
</UL>
<BR>[Called By]<UL><LI><a href="#[1]">&gt;&gt;</a>&nbsp;&nbsp;&nbsp;NMI_Handler
</UL>
<BR>[Address Reference Count : 1]<UL><LI> startup_arty_cm3.o(RESET)
</UL>
<P><STRONG><a name="[2]"></a>HardFault_Handler</STRONG> (Thumb, 2 bytes, Stack size 0 bytes, startup_arty_cm3.o(.text))
<BR><BR>[Calls]<UL><LI><a href="#[2]">&gt;&gt;</a>&nbsp;&nbsp;&nbsp;HardFault_Handler
</UL>
<BR>[Called By]<UL><LI><a href="#[2]">&gt;&gt;</a>&nbsp;&nbsp;&nbsp;HardFault_Handler
</UL>
<BR>[Address Reference Count : 1]<UL><LI> startup_arty_cm3.o(RESET)
</UL>
<P><STRONG><a name="[3]"></a>MemManage_Handler</STRONG> (Thumb, 2 bytes, Stack size 0 bytes, startup_arty_cm3.o(.text))
<BR><BR>[Calls]<UL><LI><a href="#[3]">&gt;&gt;</a>&nbsp;&nbsp;&nbsp;MemManage_Handler
</UL>
<BR>[Called By]<UL><LI><a href="#[3]">&gt;&gt;</a>&nbsp;&nbsp;&nbsp;MemManage_Handler
</UL>
<BR>[Address Reference Count : 1]<UL><LI> startup_arty_cm3.o(RESET)
</UL>
<P><STRONG><a name="[4]"></a>BusFault_Handler</STRONG> (Thumb, 2 bytes, Stack size 0 bytes, startup_arty_cm3.o(.text))
<BR><BR>[Calls]<UL><LI><a href="#[4]">&gt;&gt;</a>&nbsp;&nbsp;&nbsp;BusFault_Handler
</UL>
<BR>[Called By]<UL><LI><a href="#[4]">&gt;&gt;</a>&nbsp;&nbsp;&nbsp;BusFault_Handler
</UL>
<BR>[Address Reference Count : 1]<UL><LI> startup_arty_cm3.o(RESET)
</UL>
<P><STRONG><a name="[5]"></a>UsageFault_Handler</STRONG> (Thumb, 2 bytes, Stack size 0 bytes, startup_arty_cm3.o(.text))
<BR><BR>[Calls]<UL><LI><a href="#[5]">&gt;&gt;</a>&nbsp;&nbsp;&nbsp;UsageFault_Handler
</UL>
<BR>[Called By]<UL><LI><a href="#[5]">&gt;&gt;</a>&nbsp;&nbsp;&nbsp;UsageFault_Handler
</UL>
<BR>[Address Reference Count : 1]<UL><LI> startup_arty_cm3.o(RESET)
</UL>
<P><STRONG><a name="[6]"></a>SVC_Handler</STRONG> (Thumb, 2 bytes, Stack size 0 bytes, startup_arty_cm3.o(.text))
<BR><BR>[Calls]<UL><LI><a href="#[6]">&gt;&gt;</a>&nbsp;&nbsp;&nbsp;SVC_Handler
</UL>
<BR>[Called By]<UL><LI><a href="#[6]">&gt;&gt;</a>&nbsp;&nbsp;&nbsp;SVC_Handler
</UL>
<BR>[Address Reference Count : 1]<UL><LI> startup_arty_cm3.o(RESET)
</UL>
<P><STRONG><a name="[7]"></a>DebugMon_Handler</STRONG> (Thumb, 2 bytes, Stack size 0 bytes, startup_arty_cm3.o(.text))
<BR><BR>[Calls]<UL><LI><a href="#[7]">&gt;&gt;</a>&nbsp;&nbsp;&nbsp;DebugMon_Handler
</UL>
<BR>[Called By]<UL><LI><a href="#[7]">&gt;&gt;</a>&nbsp;&nbsp;&nbsp;DebugMon_Handler
</UL>
<BR>[Address Reference Count : 1]<UL><LI> startup_arty_cm3.o(RESET)
</UL>
<P><STRONG><a name="[8]"></a>PendSV_Handler</STRONG> (Thumb, 2 bytes, Stack size 0 bytes, startup_arty_cm3.o(.text))
<BR><BR>[Calls]<UL><LI><a href="#[8]">&gt;&gt;</a>&nbsp;&nbsp;&nbsp;PendSV_Handler
</UL>
<BR>[Called By]<UL><LI><a href="#[8]">&gt;&gt;</a>&nbsp;&nbsp;&nbsp;PendSV_Handler
</UL>
<BR>[Address Reference Count : 1]<UL><LI> startup_arty_cm3.o(RESET)
</UL>
<P><STRONG><a name="[9]"></a>SysTick_Handler</STRONG> (Thumb, 2 bytes, Stack size 0 bytes, startup_arty_cm3.o(.text))
<BR><BR>[Calls]<UL><LI><a href="#[9]">&gt;&gt;</a>&nbsp;&nbsp;&nbsp;SysTick_Handler
</UL>
<BR>[Called By]<UL><LI><a href="#[9]">&gt;&gt;</a>&nbsp;&nbsp;&nbsp;SysTick_Handler
</UL>
<BR>[Address Reference Count : 1]<UL><LI> startup_arty_cm3.o(RESET)
</UL>
<P><STRONG><a name="[11]"></a>DAPLinkFittedn</STRONG> (Thumb, 0 bytes, Stack size 0 bytes, startup_arty_cm3.o(.text))
<BR><BR>[Calls]<UL><LI><a href="#[11]">&gt;&gt;</a>&nbsp;&nbsp;&nbsp;DAPLinkFittedn
</UL>
<BR>[Called By]<UL><LI><a href="#[11]">&gt;&gt;</a>&nbsp;&nbsp;&nbsp;DAPLinkFittedn
</UL>
<BR>[Address Reference Count : 1]<UL><LI> startup_arty_cm3.o(RESET)
</UL>
<P><STRONG><a name="[14]"></a>Unused_IRQ10</STRONG> (Thumb, 0 bytes, Stack size 0 bytes, startup_arty_cm3.o(.text))
<BR>[Address Reference Count : 1]<UL><LI> startup_arty_cm3.o(RESET)
</UL>
<P><STRONG><a name="[15]"></a>Unused_IRQ11</STRONG> (Thumb, 0 bytes, Stack size 0 bytes, startup_arty_cm3.o(.text))
<BR>[Address Reference Count : 1]<UL><LI> startup_arty_cm3.o(RESET)
</UL>
<P><STRONG><a name="[16]"></a>Unused_IRQ12</STRONG> (Thumb, 0 bytes, Stack size 0 bytes, startup_arty_cm3.o(.text))
<BR>[Address Reference Count : 1]<UL><LI> startup_arty_cm3.o(RESET)
</UL>
<P><STRONG><a name="[17]"></a>Unused_IRQ13</STRONG> (Thumb, 0 bytes, Stack size 0 bytes, startup_arty_cm3.o(.text))
<BR>[Address Reference Count : 1]<UL><LI> startup_arty_cm3.o(RESET)
</UL>
<P><STRONG><a name="[18]"></a>Unused_IRQ14</STRONG> (Thumb, 0 bytes, Stack size 0 bytes, startup_arty_cm3.o(.text))
<BR>[Address Reference Count : 1]<UL><LI> startup_arty_cm3.o(RESET)
</UL>
<P><STRONG><a name="[19]"></a>Unused_IRQ15</STRONG> (Thumb, 0 bytes, Stack size 0 bytes, startup_arty_cm3.o(.text))
<BR>[Address Reference Count : 1]<UL><LI> startup_arty_cm3.o(RESET)
</UL>
<P><STRONG><a name="[1a]"></a>Unused_IRQ16</STRONG> (Thumb, 0 bytes, Stack size 0 bytes, startup_arty_cm3.o(.text))
<BR>[Address Reference Count : 1]<UL><LI> startup_arty_cm3.o(RESET)
</UL>
<P><STRONG><a name="[1b]"></a>Unused_IRQ17</STRONG> (Thumb, 0 bytes, Stack size 0 bytes, startup_arty_cm3.o(.text))
<BR>[Address Reference Count : 1]<UL><LI> startup_arty_cm3.o(RESET)
</UL>
<P><STRONG><a name="[1c]"></a>Unused_IRQ18</STRONG> (Thumb, 0 bytes, Stack size 0 bytes, startup_arty_cm3.o(.text))
<BR>[Address Reference Count : 1]<UL><LI> startup_arty_cm3.o(RESET)
</UL>
<P><STRONG><a name="[1d]"></a>Unused_IRQ19</STRONG> (Thumb, 0 bytes, Stack size 0 bytes, startup_arty_cm3.o(.text))
<BR>[Address Reference Count : 1]<UL><LI> startup_arty_cm3.o(RESET)
</UL>
<P><STRONG><a name="[1e]"></a>Unused_IRQ20</STRONG> (Thumb, 0 bytes, Stack size 0 bytes, startup_arty_cm3.o(.text))
<BR>[Address Reference Count : 1]<UL><LI> startup_arty_cm3.o(RESET)
</UL>
<P><STRONG><a name="[1f]"></a>Unused_IRQ21</STRONG> (Thumb, 0 bytes, Stack size 0 bytes, startup_arty_cm3.o(.text))
<BR>[Address Reference Count : 1]<UL><LI> startup_arty_cm3.o(RESET)
</UL>
<P><STRONG><a name="[20]"></a>Unused_IRQ22</STRONG> (Thumb, 0 bytes, Stack size 0 bytes, startup_arty_cm3.o(.text))
<BR>[Address Reference Count : 1]<UL><LI> startup_arty_cm3.o(RESET)
</UL>
<P><STRONG><a name="[21]"></a>Unused_IRQ23</STRONG> (Thumb, 0 bytes, Stack size 0 bytes, startup_arty_cm3.o(.text))
<BR>[Address Reference Count : 1]<UL><LI> startup_arty_cm3.o(RESET)
</UL>
<P><STRONG><a name="[22]"></a>Unused_IRQ24</STRONG> (Thumb, 0 bytes, Stack size 0 bytes, startup_arty_cm3.o(.text))
<BR>[Address Reference Count : 1]<UL><LI> startup_arty_cm3.o(RESET)
</UL>
<P><STRONG><a name="[23]"></a>Unused_IRQ25</STRONG> (Thumb, 0 bytes, Stack size 0 bytes, startup_arty_cm3.o(.text))
<BR>[Address Reference Count : 1]<UL><LI> startup_arty_cm3.o(RESET)
</UL>
<P><STRONG><a name="[24]"></a>Unused_IRQ26</STRONG> (Thumb, 0 bytes, Stack size 0 bytes, startup_arty_cm3.o(.text))
<BR>[Address Reference Count : 1]<UL><LI> startup_arty_cm3.o(RESET)
</UL>
<P><STRONG><a name="[25]"></a>Unused_IRQ27</STRONG> (Thumb, 0 bytes, Stack size 0 bytes, startup_arty_cm3.o(.text))
<BR>[Address Reference Count : 1]<UL><LI> startup_arty_cm3.o(RESET)
</UL>
<P><STRONG><a name="[26]"></a>Unused_IRQ28</STRONG> (Thumb, 0 bytes, Stack size 0 bytes, startup_arty_cm3.o(.text))
<BR>[Address Reference Count : 1]<UL><LI> startup_arty_cm3.o(RESET)
</UL>
<P><STRONG><a name="[27]"></a>Unused_IRQ29</STRONG> (Thumb, 0 bytes, Stack size 0 bytes, startup_arty_cm3.o(.text))
<BR>[Address Reference Count : 1]<UL><LI> startup_arty_cm3.o(RESET)
</UL>
<P><STRONG><a name="[28]"></a>Unused_IRQ30</STRONG> (Thumb, 0 bytes, Stack size 0 bytes, startup_arty_cm3.o(.text))
<BR>[Address Reference Count : 1]<UL><LI> startup_arty_cm3.o(RESET)
</UL>
<P><STRONG><a name="[29]"></a>Unused_IRQ31</STRONG> (Thumb, 0 bytes, Stack size 0 bytes, startup_arty_cm3.o(.text))
<BR>[Address Reference Count : 1]<UL><LI> startup_arty_cm3.o(RESET)
</UL>
<P><STRONG><a name="[12]"></a>Unused_IRQ8</STRONG> (Thumb, 0 bytes, Stack size 0 bytes, startup_arty_cm3.o(.text))
<BR>[Address Reference Count : 1]<UL><LI> startup_arty_cm3.o(RESET)
</UL>
<P><STRONG><a name="[13]"></a>Unused_IRQ9</STRONG> (Thumb, 0 bytes, Stack size 0 bytes, startup_arty_cm3.o(.text))
<BR>[Address Reference Count : 1]<UL><LI> startup_arty_cm3.o(RESET)
</UL>
<P><STRONG><a name="[32]"></a>__user_initial_stackheap</STRONG> (Thumb, 10 bytes, Stack size 0 bytes, startup_arty_cm3.o(.text))
<BR><BR>[Called By]<UL><LI><a href="#[3d]">&gt;&gt;</a>&nbsp;&nbsp;&nbsp;__user_setup_stackheap
</UL>

<P><STRONG><a name="[47]"></a>outbyte</STRONG> (Thumb, 12 bytes, Stack size 0 bytes, outbyte.o(.text))
<BR><BR>[Calls]<UL><LI><a href="#[48]">&gt;&gt;</a>&nbsp;&nbsp;&nbsp;XUartLite_SendByte
</UL>
<BR>[Called By]<UL><LI><a href="#[49]">&gt;&gt;</a>&nbsp;&nbsp;&nbsp;print
</UL>

<P><STRONG><a name="[49]"></a>print</STRONG> (Thumb, 32 bytes, Stack size 8 bytes, print.o(.text))
<BR><BR>[Stack]<UL><LI>Max Depth = 8<LI>Call Chain = print
</UL>
<BR>[Calls]<UL><LI><a href="#[47]">&gt;&gt;</a>&nbsp;&nbsp;&nbsp;outbyte
</UL>
<BR>[Called By]<UL><LI><a href="#[68]">&gt;&gt;</a>&nbsp;&nbsp;&nbsp;WriteSPIData
<LI><a href="#[41]">&gt;&gt;</a>&nbsp;&nbsp;&nbsp;main
<LI><a href="#[54]">&gt;&gt;</a>&nbsp;&nbsp;&nbsp;handle_buttons_rgb
<LI><a href="#[4f]">&gt;&gt;</a>&nbsp;&nbsp;&nbsp;handle_switch_leds
<LI><a href="#[4a]">&gt;&gt;</a>&nbsp;&nbsp;&nbsp;print_boot_messages
</UL>

<P><STRONG><a name="[71]"></a>Xil_Assert</STRONG> (Thumb, 38 bytes, Stack size 8 bytes, xil_assert.o(.text))
<BR><BR>[Stack]<UL><LI>Max Depth = 8<LI>Call Chain = Xil_Assert
</UL>
<BR>[Called By]<UL><LI><a href="#[85]">&gt;&gt;</a>&nbsp;&nbsp;&nbsp;XUartLite_GetStats
<LI><a href="#[83]">&gt;&gt;</a>&nbsp;&nbsp;&nbsp;XUartLite_DisableInterrupt
<LI><a href="#[80]">&gt;&gt;</a>&nbsp;&nbsp;&nbsp;XUartLite_IsSending
<LI><a href="#[7f]">&gt;&gt;</a>&nbsp;&nbsp;&nbsp;XUartLite_ResetFifos
<LI><a href="#[7e]">&gt;&gt;</a>&nbsp;&nbsp;&nbsp;XUartLite_Send
<LI><a href="#[7d]">&gt;&gt;</a>&nbsp;&nbsp;&nbsp;XUartLite_ClearStats
<LI><a href="#[7c]">&gt;&gt;</a>&nbsp;&nbsp;&nbsp;XUartLite_CfgInitialize
<LI><a href="#[2f]">&gt;&gt;</a>&nbsp;&nbsp;&nbsp;StubHandler
<LI><a href="#[7b]">&gt;&gt;</a>&nbsp;&nbsp;&nbsp;XSpi_InterruptHandler
<LI><a href="#[7a]">&gt;&gt;</a>&nbsp;&nbsp;&nbsp;XSpi_SetStatusHandler
<LI><a href="#[79]">&gt;&gt;</a>&nbsp;&nbsp;&nbsp;XSpi_GetSlaveSelect
<LI><a href="#[78]">&gt;&gt;</a>&nbsp;&nbsp;&nbsp;XSpi_Stop
<LI><a href="#[77]">&gt;&gt;</a>&nbsp;&nbsp;&nbsp;XSpi_CfgInitialize
<LI><a href="#[2e]">&gt;&gt;</a>&nbsp;&nbsp;&nbsp;StubStatusHandler
<LI><a href="#[76]">&gt;&gt;</a>&nbsp;&nbsp;&nbsp;XGpio_InterruptGetStatus
<LI><a href="#[75]">&gt;&gt;</a>&nbsp;&nbsp;&nbsp;XGpio_InterruptGetEnabled
<LI><a href="#[74]">&gt;&gt;</a>&nbsp;&nbsp;&nbsp;XGpio_InterruptDisable
<LI><a href="#[73]">&gt;&gt;</a>&nbsp;&nbsp;&nbsp;XGpio_InterruptGlobalDisable
<LI><a href="#[72]">&gt;&gt;</a>&nbsp;&nbsp;&nbsp;XGpio_GetDataDirection
<LI><a href="#[70]">&gt;&gt;</a>&nbsp;&nbsp;&nbsp;XGpio_CfgInitialize
<LI><a href="#[6f]">&gt;&gt;</a>&nbsp;&nbsp;&nbsp;XUartLite_InterruptHandler
<LI><a href="#[6e]">&gt;&gt;</a>&nbsp;&nbsp;&nbsp;XUartLite_EnableInterrupt
<LI><a href="#[6c]">&gt;&gt;</a>&nbsp;&nbsp;&nbsp;XUartLite_Recv
<LI><a href="#[6b]">&gt;&gt;</a>&nbsp;&nbsp;&nbsp;XUartLite_SetRecvHandler
<LI><a href="#[6a]">&gt;&gt;</a>&nbsp;&nbsp;&nbsp;XUartLite_SetSendHandler
<LI><a href="#[69]">&gt;&gt;</a>&nbsp;&nbsp;&nbsp;XUartLite_Initialize
<LI><a href="#[64]">&gt;&gt;</a>&nbsp;&nbsp;&nbsp;XSpi_Transfer
<LI><a href="#[62]">&gt;&gt;</a>&nbsp;&nbsp;&nbsp;XSpi_SetSlaveSelect
<LI><a href="#[61]">&gt;&gt;</a>&nbsp;&nbsp;&nbsp;XSpi_Start
<LI><a href="#[60]">&gt;&gt;</a>&nbsp;&nbsp;&nbsp;XSpi_Reset
<LI><a href="#[5f]">&gt;&gt;</a>&nbsp;&nbsp;&nbsp;XSpi_Initialize
<LI><a href="#[5b]">&gt;&gt;</a>&nbsp;&nbsp;&nbsp;XGpio_InterruptClear
<LI><a href="#[5a]">&gt;&gt;</a>&nbsp;&nbsp;&nbsp;XGpio_InterruptGlobalEnable
<LI><a href="#[59]">&gt;&gt;</a>&nbsp;&nbsp;&nbsp;XGpio_InterruptEnable
<LI><a href="#[50]">&gt;&gt;</a>&nbsp;&nbsp;&nbsp;XGpio_DiscreteRead
<LI><a href="#[4e]">&gt;&gt;</a>&nbsp;&nbsp;&nbsp;XGpio_DiscreteWrite
<LI><a href="#[4d]">&gt;&gt;</a>&nbsp;&nbsp;&nbsp;XGpio_SetDataDirection
<LI><a href="#[4c]">&gt;&gt;</a>&nbsp;&nbsp;&nbsp;XGpio_Initialize
</UL>

<P><STRONG><a name="[b6]"></a>Xil_AssertSetCallback</STRONG> (Thumb, 12 bytes, Stack size 0 bytes, xil_assert.o(.text), UNUSED)

<P><STRONG><a name="[b7]"></a>XNullHandler</STRONG> (Thumb, 2 bytes, Stack size 0 bytes, xil_assert.o(.text), UNUSED)

<P><STRONG><a name="[4a]"></a>print_boot_messages</STRONG> (Thumb, 42 bytes, Stack size 8 bytes, main.o(.text), UNUSED)
<BR><BR>[Calls]<UL><LI><a href="#[49]">&gt;&gt;</a>&nbsp;&nbsp;&nbsp;print
</UL>

<P><STRONG><a name="[4b]"></a>gpio_init</STRONG> (Thumb, 98 bytes, Stack size 16 bytes, main.o(.text), UNUSED)
<BR><BR>[Calls]<UL><LI><a href="#[4e]">&gt;&gt;</a>&nbsp;&nbsp;&nbsp;XGpio_DiscreteWrite
<LI><a href="#[4d]">&gt;&gt;</a>&nbsp;&nbsp;&nbsp;XGpio_SetDataDirection
<LI><a href="#[4c]">&gt;&gt;</a>&nbsp;&nbsp;&nbsp;XGpio_Initialize
</UL>

<P><STRONG><a name="[4f]"></a>handle_switch_leds</STRONG> (Thumb, 142 bytes, Stack size 112 bytes, main.o(.text), UNUSED)
<BR><BR>[Calls]<UL><LI><a href="#[51]">&gt;&gt;</a>&nbsp;&nbsp;&nbsp;__2sprintf
<LI><a href="#[50]">&gt;&gt;</a>&nbsp;&nbsp;&nbsp;XGpio_DiscreteRead
<LI><a href="#[4e]">&gt;&gt;</a>&nbsp;&nbsp;&nbsp;XGpio_DiscreteWrite
<LI><a href="#[49]">&gt;&gt;</a>&nbsp;&nbsp;&nbsp;print
</UL>

<P><STRONG><a name="[52]"></a>set_rgb_led</STRONG> (Thumb, 56 bytes, Stack size 16 bytes, main.o(.text), UNUSED)
<BR><BR>[Calls]<UL><LI><a href="#[50]">&gt;&gt;</a>&nbsp;&nbsp;&nbsp;XGpio_DiscreteRead
<LI><a href="#[4e]">&gt;&gt;</a>&nbsp;&nbsp;&nbsp;XGpio_DiscreteWrite
</UL>

<P><STRONG><a name="[53]"></a>cycle_rgb_color</STRONG> (Thumb, 84 bytes, Stack size 16 bytes, main.o(.text), UNUSED)
<BR><BR>[Calls]<UL><LI><a href="#[50]">&gt;&gt;</a>&nbsp;&nbsp;&nbsp;XGpio_DiscreteRead
<LI><a href="#[4e]">&gt;&gt;</a>&nbsp;&nbsp;&nbsp;XGpio_DiscreteWrite
</UL>

<P><STRONG><a name="[54]"></a>handle_buttons_rgb</STRONG> (Thumb, 192 bytes, Stack size 104 bytes, main.o(.text))
<BR><BR>[Stack]<UL><LI>Max Depth = 224 + Unknown Stack Size
<LI>Call Chain = handle_buttons_rgb &rArr; __2sprintf &rArr; _printf_char_common &rArr; __printf
</UL>
<BR>[Calls]<UL><LI><a href="#[51]">&gt;&gt;</a>&nbsp;&nbsp;&nbsp;__2sprintf
<LI><a href="#[50]">&gt;&gt;</a>&nbsp;&nbsp;&nbsp;XGpio_DiscreteRead
<LI><a href="#[4e]">&gt;&gt;</a>&nbsp;&nbsp;&nbsp;XGpio_DiscreteWrite
<LI><a href="#[49]">&gt;&gt;</a>&nbsp;&nbsp;&nbsp;print
</UL>
<BR>[Called By]<UL><LI><a href="#[41]">&gt;&gt;</a>&nbsp;&nbsp;&nbsp;main
</UL>

<P><STRONG><a name="[b8]"></a>delay_us</STRONG> (Thumb, 40 bytes, Stack size 4 bytes, main.o(.text), UNUSED)

<P><STRONG><a name="[55]"></a>init_platform</STRONG> (Thumb, 22 bytes, Stack size 8 bytes, main.o(.text), UNUSED)
<BR><BR>[Calls]<UL><LI><a href="#[56]">&gt;&gt;</a>&nbsp;&nbsp;&nbsp;InitialiseUART
</UL>

<P><STRONG><a name="[b9]"></a>cleanup_platform</STRONG> (Thumb, 2 bytes, Stack size 0 bytes, main.o(.text), UNUSED)

<P><STRONG><a name="[41]"></a>main</STRONG> (Thumb, 328 bytes, Stack size 80 bytes, main.o(.text))
<BR><BR>[Stack]<UL><LI>Max Depth = 304 + Unknown Stack Size
<LI>Call Chain = main &rArr; handle_buttons_rgb &rArr; __2sprintf &rArr; _printf_char_common &rArr; __printf
</UL>
<BR>[Calls]<UL><LI><a href="#[51]">&gt;&gt;</a>&nbsp;&nbsp;&nbsp;__2sprintf
<LI><a href="#[56]">&gt;&gt;</a>&nbsp;&nbsp;&nbsp;InitialiseUART
<LI><a href="#[54]">&gt;&gt;</a>&nbsp;&nbsp;&nbsp;handle_buttons_rgb
<LI><a href="#[50]">&gt;&gt;</a>&nbsp;&nbsp;&nbsp;XGpio_DiscreteRead
<LI><a href="#[4e]">&gt;&gt;</a>&nbsp;&nbsp;&nbsp;XGpio_DiscreteWrite
<LI><a href="#[4d]">&gt;&gt;</a>&nbsp;&nbsp;&nbsp;XGpio_SetDataDirection
<LI><a href="#[4c]">&gt;&gt;</a>&nbsp;&nbsp;&nbsp;XGpio_Initialize
<LI><a href="#[49]">&gt;&gt;</a>&nbsp;&nbsp;&nbsp;print
</UL>
<BR>[Called By]<UL><LI><a href="#[40]">&gt;&gt;</a>&nbsp;&nbsp;&nbsp;__rt_entry_main
</UL>

<P><STRONG><a name="[57]"></a>InitialiseGPIO</STRONG> (Thumb, 172 bytes, Stack size 16 bytes, gpio.o(.text), UNUSED)
<BR><BR>[Calls]<UL><LI><a href="#[4e]">&gt;&gt;</a>&nbsp;&nbsp;&nbsp;XGpio_DiscreteWrite
<LI><a href="#[4d]">&gt;&gt;</a>&nbsp;&nbsp;&nbsp;XGpio_SetDataDirection
<LI><a href="#[4c]">&gt;&gt;</a>&nbsp;&nbsp;&nbsp;XGpio_Initialize
</UL>

<P><STRONG><a name="[58]"></a>EnableGPIOInterrupts</STRONG> (Thumb, 50 bytes, Stack size 16 bytes, gpio.o(.text), UNUSED)
<BR><BR>[Calls]<UL><LI><a href="#[5a]">&gt;&gt;</a>&nbsp;&nbsp;&nbsp;XGpio_InterruptGlobalEnable
<LI><a href="#[59]">&gt;&gt;</a>&nbsp;&nbsp;&nbsp;XGpio_InterruptEnable
</UL>

<P><STRONG><a name="[b]"></a>GPIO0_Handler</STRONG> (Thumb, 56 bytes, Stack size 24 bytes, gpio.o(.text))
<BR><BR>[Stack]<UL><LI>Max Depth = 48<LI>Call Chain = GPIO0_Handler &rArr; XGpio_DiscreteWrite &rArr; Xil_Assert
</UL>
<BR>[Calls]<UL><LI><a href="#[5b]">&gt;&gt;</a>&nbsp;&nbsp;&nbsp;XGpio_InterruptClear
<LI><a href="#[50]">&gt;&gt;</a>&nbsp;&nbsp;&nbsp;XGpio_DiscreteRead
<LI><a href="#[4e]">&gt;&gt;</a>&nbsp;&nbsp;&nbsp;XGpio_DiscreteWrite
</UL>
<BR>[Address Reference Count : 1]<UL><LI> startup_arty_cm3.o(RESET)
</UL>
<P><STRONG><a name="[c]"></a>GPIO1_Handler</STRONG> (Thumb, 160 bytes, Stack size 16 bytes, gpio.o(.text))
<BR><BR>[Stack]<UL><LI>Max Depth = 40<LI>Call Chain = GPIO1_Handler &rArr; XGpio_DiscreteWrite &rArr; Xil_Assert
</UL>
<BR>[Calls]<UL><LI><a href="#[5b]">&gt;&gt;</a>&nbsp;&nbsp;&nbsp;XGpio_InterruptClear
<LI><a href="#[50]">&gt;&gt;</a>&nbsp;&nbsp;&nbsp;XGpio_DiscreteRead
<LI><a href="#[4e]">&gt;&gt;</a>&nbsp;&nbsp;&nbsp;XGpio_DiscreteWrite
</UL>
<BR>[Address Reference Count : 1]<UL><LI> startup_arty_cm3.o(RESET)
</UL>
<P><STRONG><a name="[5c]"></a>SetDAPLinkQSPIMode</STRONG> (Thumb, 16 bytes, Stack size 0 bytes, gpio.o(.text), UNUSED)
<BR><BR>[Calls]<UL><LI><a href="#[4e]">&gt;&gt;</a>&nbsp;&nbsp;&nbsp;XGpio_DiscreteWrite
</UL>

<P><STRONG><a name="[5d]"></a>IncLeds</STRONG> (Thumb, 40 bytes, Stack size 16 bytes, gpio.o(.text), UNUSED)
<BR><BR>[Calls]<UL><LI><a href="#[50]">&gt;&gt;</a>&nbsp;&nbsp;&nbsp;XGpio_DiscreteRead
<LI><a href="#[4e]">&gt;&gt;</a>&nbsp;&nbsp;&nbsp;XGpio_DiscreteWrite
</UL>

<P><STRONG><a name="[5e]"></a>InitialiseSPI</STRONG> (Thumb, 56 bytes, Stack size 16 bytes, spi.o(.text), UNUSED)
<BR><BR>[Calls]<UL><LI><a href="#[62]">&gt;&gt;</a>&nbsp;&nbsp;&nbsp;XSpi_SetSlaveSelect
<LI><a href="#[61]">&gt;&gt;</a>&nbsp;&nbsp;&nbsp;XSpi_Start
<LI><a href="#[60]">&gt;&gt;</a>&nbsp;&nbsp;&nbsp;XSpi_Reset
<LI><a href="#[5f]">&gt;&gt;</a>&nbsp;&nbsp;&nbsp;XSpi_Initialize
</UL>

<P><STRONG><a name="[ba]"></a>DisableSPIInterrupts</STRONG> (Thumb, 16 bytes, Stack size 0 bytes, spi.o(.text), UNUSED)

<P><STRONG><a name="[63]"></a>InitQSPIBaseFlash</STRONG> (Thumb, 74 bytes, Stack size 16 bytes, spi.o(.text), UNUSED)
<BR><BR>[Calls]<UL><LI><a href="#[64]">&gt;&gt;</a>&nbsp;&nbsp;&nbsp;XSpi_Transfer
</UL>

<P><STRONG><a name="[65]"></a>WriteQSPIBaseFlash</STRONG> (Thumb, 138 bytes, Stack size 24 bytes, spi.o(.text), UNUSED)
<BR><BR>[Calls]<UL><LI><a href="#[64]">&gt;&gt;</a>&nbsp;&nbsp;&nbsp;XSpi_Transfer
</UL>

<P><STRONG><a name="[66]"></a>ReadQSPIBaseFlash</STRONG> (Thumb, 126 bytes, Stack size 16 bytes, spi.o(.text), UNUSED)
<BR><BR>[Calls]<UL><LI><a href="#[67]">&gt;&gt;</a>&nbsp;&nbsp;&nbsp;__aeabi_memclr4
<LI><a href="#[64]">&gt;&gt;</a>&nbsp;&nbsp;&nbsp;XSpi_Transfer
</UL>

<P><STRONG><a name="[68]"></a>WriteSPIData</STRONG> (Thumb, 136 bytes, Stack size 96 bytes, spi.o(.text), UNUSED)
<BR><BR>[Calls]<UL><LI><a href="#[51]">&gt;&gt;</a>&nbsp;&nbsp;&nbsp;__2sprintf
<LI><a href="#[49]">&gt;&gt;</a>&nbsp;&nbsp;&nbsp;print
</UL>

<P><STRONG><a name="[d]"></a>QSPI0_Handler</STRONG> (Thumb, 14 bytes, Stack size 0 bytes, spi.o(.text))
<BR>[Address Reference Count : 1]<UL><LI> startup_arty_cm3.o(RESET)
</UL>
<P><STRONG><a name="[e]"></a>DAP_QSPI0_Handler</STRONG> (Thumb, 14 bytes, Stack size 0 bytes, spi.o(.text))
<BR>[Address Reference Count : 1]<UL><LI> startup_arty_cm3.o(RESET)
</UL>
<P><STRONG><a name="[f]"></a>DAP_SPI0_Handler</STRONG> (Thumb, 14 bytes, Stack size 0 bytes, spi.o(.text))
<BR>[Address Reference Count : 1]<UL><LI> startup_arty_cm3.o(RESET)
</UL>
<P><STRONG><a name="[10]"></a>DAP_QSPI_XIP_Handler</STRONG> (Thumb, 14 bytes, Stack size 0 bytes, spi.o(.text))
<BR>[Address Reference Count : 1]<UL><LI> startup_arty_cm3.o(RESET)
</UL>
<P><STRONG><a name="[56]"></a>InitialiseUART</STRONG> (Thumb, 86 bytes, Stack size 8 bytes, uart.o(.text))
<BR><BR>[Stack]<UL><LI>Max Depth = 40<LI>Call Chain = InitialiseUART &rArr; XUartLite_Initialize &rArr; XUartLite_CfgInitialize &rArr; XUartLite_ClearStats &rArr; Xil_Assert
</UL>
<BR>[Calls]<UL><LI><a href="#[6c]">&gt;&gt;</a>&nbsp;&nbsp;&nbsp;XUartLite_Recv
<LI><a href="#[6b]">&gt;&gt;</a>&nbsp;&nbsp;&nbsp;XUartLite_SetRecvHandler
<LI><a href="#[6a]">&gt;&gt;</a>&nbsp;&nbsp;&nbsp;XUartLite_SetSendHandler
<LI><a href="#[69]">&gt;&gt;</a>&nbsp;&nbsp;&nbsp;XUartLite_Initialize
</UL>
<BR>[Called By]<UL><LI><a href="#[41]">&gt;&gt;</a>&nbsp;&nbsp;&nbsp;main
<LI><a href="#[55]">&gt;&gt;</a>&nbsp;&nbsp;&nbsp;init_platform
</UL>

<P><STRONG><a name="[2c]"></a>SendHandler</STRONG> (Thumb, 12 bytes, Stack size 0 bytes, uart.o(.text))
<BR>[Address Reference Count : 1]<UL><LI> uart.o(.text)
</UL>
<P><STRONG><a name="[2d]"></a>RecvHandler</STRONG> (Thumb, 12 bytes, Stack size 0 bytes, uart.o(.text))
<BR>[Address Reference Count : 1]<UL><LI> uart.o(.text)
</UL>
<P><STRONG><a name="[bb]"></a>CheckUARTRxBytes</STRONG> (Thumb, 32 bytes, Stack size 0 bytes, uart.o(.text), UNUSED)

<P><STRONG><a name="[6d]"></a>EnableUARTInterrupts</STRONG> (Thumb, 12 bytes, Stack size 0 bytes, uart.o(.text), UNUSED)
<BR><BR>[Calls]<UL><LI><a href="#[6e]">&gt;&gt;</a>&nbsp;&nbsp;&nbsp;XUartLite_EnableInterrupt
</UL>

<P><STRONG><a name="[a]"></a>UART0_Handler</STRONG> (Thumb, 28 bytes, Stack size 8 bytes, uart.o(.text))
<BR><BR>[Stack]<UL><LI>Max Depth = 32<LI>Call Chain = UART0_Handler &rArr; XUartLite_InterruptHandler &rArr; XUartLite_ReceiveBuffer
</UL>
<BR>[Calls]<UL><LI><a href="#[6f]">&gt;&gt;</a>&nbsp;&nbsp;&nbsp;XUartLite_InterruptHandler
</UL>
<BR>[Address Reference Count : 1]<UL><LI> startup_arty_cm3.o(RESET)
</UL>
<P><STRONG><a name="[70]"></a>XGpio_CfgInitialize</STRONG> (Thumb, 72 bytes, Stack size 8 bytes, xgpio.o(.text))
<BR><BR>[Stack]<UL><LI>Max Depth = 16<LI>Call Chain = XGpio_CfgInitialize &rArr; Xil_Assert
</UL>
<BR>[Calls]<UL><LI><a href="#[71]">&gt;&gt;</a>&nbsp;&nbsp;&nbsp;Xil_Assert
</UL>
<BR>[Called By]<UL><LI><a href="#[4c]">&gt;&gt;</a>&nbsp;&nbsp;&nbsp;XGpio_Initialize
</UL>

<P><STRONG><a name="[4d]"></a>XGpio_SetDataDirection</STRONG> (Thumb, 116 bytes, Stack size 16 bytes, xgpio.o(.text))
<BR><BR>[Stack]<UL><LI>Max Depth = 24<LI>Call Chain = XGpio_SetDataDirection &rArr; Xil_Assert
</UL>
<BR>[Calls]<UL><LI><a href="#[71]">&gt;&gt;</a>&nbsp;&nbsp;&nbsp;Xil_Assert
</UL>
<BR>[Called By]<UL><LI><a href="#[57]">&gt;&gt;</a>&nbsp;&nbsp;&nbsp;InitialiseGPIO
<LI><a href="#[41]">&gt;&gt;</a>&nbsp;&nbsp;&nbsp;main
<LI><a href="#[4b]">&gt;&gt;</a>&nbsp;&nbsp;&nbsp;gpio_init
</UL>

<P><STRONG><a name="[72]"></a>XGpio_GetDataDirection</STRONG> (Thumb, 120 bytes, Stack size 8 bytes, xgpio.o(.text), UNUSED)
<BR><BR>[Calls]<UL><LI><a href="#[71]">&gt;&gt;</a>&nbsp;&nbsp;&nbsp;Xil_Assert
</UL>

<P><STRONG><a name="[50]"></a>XGpio_DiscreteRead</STRONG> (Thumb, 120 bytes, Stack size 8 bytes, xgpio.o(.text))
<BR><BR>[Stack]<UL><LI>Max Depth = 16<LI>Call Chain = XGpio_DiscreteRead &rArr; Xil_Assert
</UL>
<BR>[Calls]<UL><LI><a href="#[71]">&gt;&gt;</a>&nbsp;&nbsp;&nbsp;Xil_Assert
</UL>
<BR>[Called By]<UL><LI><a href="#[5d]">&gt;&gt;</a>&nbsp;&nbsp;&nbsp;IncLeds
<LI><a href="#[c]">&gt;&gt;</a>&nbsp;&nbsp;&nbsp;GPIO1_Handler
<LI><a href="#[b]">&gt;&gt;</a>&nbsp;&nbsp;&nbsp;GPIO0_Handler
<LI><a href="#[41]">&gt;&gt;</a>&nbsp;&nbsp;&nbsp;main
<LI><a href="#[54]">&gt;&gt;</a>&nbsp;&nbsp;&nbsp;handle_buttons_rgb
<LI><a href="#[53]">&gt;&gt;</a>&nbsp;&nbsp;&nbsp;cycle_rgb_color
<LI><a href="#[52]">&gt;&gt;</a>&nbsp;&nbsp;&nbsp;set_rgb_led
<LI><a href="#[4f]">&gt;&gt;</a>&nbsp;&nbsp;&nbsp;handle_switch_leds
</UL>

<P><STRONG><a name="[4e]"></a>XGpio_DiscreteWrite</STRONG> (Thumb, 116 bytes, Stack size 16 bytes, xgpio.o(.text))
<BR><BR>[Stack]<UL><LI>Max Depth = 24<LI>Call Chain = XGpio_DiscreteWrite &rArr; Xil_Assert
</UL>
<BR>[Calls]<UL><LI><a href="#[71]">&gt;&gt;</a>&nbsp;&nbsp;&nbsp;Xil_Assert
</UL>
<BR>[Called By]<UL><LI><a href="#[5d]">&gt;&gt;</a>&nbsp;&nbsp;&nbsp;IncLeds
<LI><a href="#[5c]">&gt;&gt;</a>&nbsp;&nbsp;&nbsp;SetDAPLinkQSPIMode
<LI><a href="#[c]">&gt;&gt;</a>&nbsp;&nbsp;&nbsp;GPIO1_Handler
<LI><a href="#[b]">&gt;&gt;</a>&nbsp;&nbsp;&nbsp;GPIO0_Handler
<LI><a href="#[57]">&gt;&gt;</a>&nbsp;&nbsp;&nbsp;InitialiseGPIO
<LI><a href="#[41]">&gt;&gt;</a>&nbsp;&nbsp;&nbsp;main
<LI><a href="#[54]">&gt;&gt;</a>&nbsp;&nbsp;&nbsp;handle_buttons_rgb
<LI><a href="#[53]">&gt;&gt;</a>&nbsp;&nbsp;&nbsp;cycle_rgb_color
<LI><a href="#[52]">&gt;&gt;</a>&nbsp;&nbsp;&nbsp;set_rgb_led
<LI><a href="#[4f]">&gt;&gt;</a>&nbsp;&nbsp;&nbsp;handle_switch_leds
<LI><a href="#[4b]">&gt;&gt;</a>&nbsp;&nbsp;&nbsp;gpio_init
</UL>

<P><STRONG><a name="[5a]"></a>XGpio_InterruptGlobalEnable</STRONG> (Thumb, 106 bytes, Stack size 8 bytes, xgpio_intr.o(.text), UNUSED)
<BR><BR>[Calls]<UL><LI><a href="#[71]">&gt;&gt;</a>&nbsp;&nbsp;&nbsp;Xil_Assert
</UL>
<BR>[Called By]<UL><LI><a href="#[58]">&gt;&gt;</a>&nbsp;&nbsp;&nbsp;EnableGPIOInterrupts
</UL>

<P><STRONG><a name="[73]"></a>XGpio_InterruptGlobalDisable</STRONG> (Thumb, 102 bytes, Stack size 8 bytes, xgpio_intr.o(.text), UNUSED)
<BR><BR>[Calls]<UL><LI><a href="#[71]">&gt;&gt;</a>&nbsp;&nbsp;&nbsp;Xil_Assert
</UL>

<P><STRONG><a name="[59]"></a>XGpio_InterruptEnable</STRONG> (Thumb, 108 bytes, Stack size 8 bytes, xgpio_intr.o(.text), UNUSED)
<BR><BR>[Calls]<UL><LI><a href="#[71]">&gt;&gt;</a>&nbsp;&nbsp;&nbsp;Xil_Assert
</UL>
<BR>[Called By]<UL><LI><a href="#[58]">&gt;&gt;</a>&nbsp;&nbsp;&nbsp;EnableGPIOInterrupts
</UL>

<P><STRONG><a name="[74]"></a>XGpio_InterruptDisable</STRONG> (Thumb, 110 bytes, Stack size 8 bytes, xgpio_intr.o(.text), UNUSED)
<BR><BR>[Calls]<UL><LI><a href="#[71]">&gt;&gt;</a>&nbsp;&nbsp;&nbsp;Xil_Assert
</UL>

<P><STRONG><a name="[5b]"></a>XGpio_InterruptClear</STRONG> (Thumb, 108 bytes, Stack size 8 bytes, xgpio_intr.o(.text))
<BR><BR>[Stack]<UL><LI>Max Depth = 16<LI>Call Chain = XGpio_InterruptClear &rArr; Xil_Assert
</UL>
<BR>[Calls]<UL><LI><a href="#[71]">&gt;&gt;</a>&nbsp;&nbsp;&nbsp;Xil_Assert
</UL>
<BR>[Called By]<UL><LI><a href="#[c]">&gt;&gt;</a>&nbsp;&nbsp;&nbsp;GPIO1_Handler
<LI><a href="#[b]">&gt;&gt;</a>&nbsp;&nbsp;&nbsp;GPIO0_Handler
</UL>

<P><STRONG><a name="[75]"></a>XGpio_InterruptGetEnabled</STRONG> (Thumb, 108 bytes, Stack size 8 bytes, xgpio_intr.o(.text), UNUSED)
<BR><BR>[Calls]<UL><LI><a href="#[71]">&gt;&gt;</a>&nbsp;&nbsp;&nbsp;Xil_Assert
</UL>

<P><STRONG><a name="[76]"></a>XGpio_InterruptGetStatus</STRONG> (Thumb, 112 bytes, Stack size 8 bytes, xgpio_intr.o(.text), UNUSED)
<BR><BR>[Calls]<UL><LI><a href="#[71]">&gt;&gt;</a>&nbsp;&nbsp;&nbsp;Xil_Assert
</UL>

<P><STRONG><a name="[bc]"></a>XGpio_LookupConfig</STRONG> (Thumb, 34 bytes, Stack size 0 bytes, xgpio_sinit.o(.text), UNUSED)

<P><STRONG><a name="[4c]"></a>XGpio_Initialize</STRONG> (Thumb, 98 bytes, Stack size 8 bytes, xgpio_sinit.o(.text))
<BR><BR>[Stack]<UL><LI>Max Depth = 24<LI>Call Chain = XGpio_Initialize &rArr; XGpio_CfgInitialize &rArr; Xil_Assert
</UL>
<BR>[Calls]<UL><LI><a href="#[70]">&gt;&gt;</a>&nbsp;&nbsp;&nbsp;XGpio_CfgInitialize
<LI><a href="#[71]">&gt;&gt;</a>&nbsp;&nbsp;&nbsp;Xil_Assert
</UL>
<BR>[Called By]<UL><LI><a href="#[57]">&gt;&gt;</a>&nbsp;&nbsp;&nbsp;InitialiseGPIO
<LI><a href="#[41]">&gt;&gt;</a>&nbsp;&nbsp;&nbsp;main
<LI><a href="#[4b]">&gt;&gt;</a>&nbsp;&nbsp;&nbsp;gpio_init
</UL>

<P><STRONG><a name="[77]"></a>XSpi_CfgInitialize</STRONG> (Thumb, 322 bytes, Stack size 16 bytes, xspi.o(.text), UNUSED)
<BR><BR>[Calls]<UL><LI><a href="#[71]">&gt;&gt;</a>&nbsp;&nbsp;&nbsp;Xil_Assert
</UL>
<BR>[Called By]<UL><LI><a href="#[5f]">&gt;&gt;</a>&nbsp;&nbsp;&nbsp;XSpi_Initialize
</UL>

<P><STRONG><a name="[60]"></a>XSpi_Reset</STRONG> (Thumb, 136 bytes, Stack size 8 bytes, xspi.o(.text), UNUSED)
<BR><BR>[Calls]<UL><LI><a href="#[71]">&gt;&gt;</a>&nbsp;&nbsp;&nbsp;Xil_Assert
</UL>
<BR>[Called By]<UL><LI><a href="#[5e]">&gt;&gt;</a>&nbsp;&nbsp;&nbsp;InitialiseSPI
</UL>

<P><STRONG><a name="[61]"></a>XSpi_Start</STRONG> (Thumb, 134 bytes, Stack size 8 bytes, xspi.o(.text), UNUSED)
<BR><BR>[Calls]<UL><LI><a href="#[71]">&gt;&gt;</a>&nbsp;&nbsp;&nbsp;Xil_Assert
</UL>
<BR>[Called By]<UL><LI><a href="#[5e]">&gt;&gt;</a>&nbsp;&nbsp;&nbsp;InitialiseSPI
</UL>

<P><STRONG><a name="[78]"></a>XSpi_Stop</STRONG> (Thumb, 114 bytes, Stack size 8 bytes, xspi.o(.text), UNUSED)
<BR><BR>[Calls]<UL><LI><a href="#[71]">&gt;&gt;</a>&nbsp;&nbsp;&nbsp;Xil_Assert
</UL>

<P><STRONG><a name="[bd]"></a>XSpi_Abort</STRONG> (Thumb, 48 bytes, Stack size 0 bytes, xspi.o(.text), UNUSED)

<P><STRONG><a name="[64]"></a>XSpi_Transfer</STRONG> (Thumb, 594 bytes, Stack size 16 bytes, xspi.o(.text), UNUSED)
<BR><BR>[Calls]<UL><LI><a href="#[71]">&gt;&gt;</a>&nbsp;&nbsp;&nbsp;Xil_Assert
</UL>
<BR>[Called By]<UL><LI><a href="#[66]">&gt;&gt;</a>&nbsp;&nbsp;&nbsp;ReadQSPIBaseFlash
<LI><a href="#[65]">&gt;&gt;</a>&nbsp;&nbsp;&nbsp;WriteQSPIBaseFlash
<LI><a href="#[63]">&gt;&gt;</a>&nbsp;&nbsp;&nbsp;InitQSPIBaseFlash
</UL>

<P><STRONG><a name="[62]"></a>XSpi_SetSlaveSelect</STRONG> (Thumb, 140 bytes, Stack size 8 bytes, xspi.o(.text), UNUSED)
<BR><BR>[Calls]<UL><LI><a href="#[71]">&gt;&gt;</a>&nbsp;&nbsp;&nbsp;Xil_Assert
</UL>
<BR>[Called By]<UL><LI><a href="#[5e]">&gt;&gt;</a>&nbsp;&nbsp;&nbsp;InitialiseSPI
</UL>

<P><STRONG><a name="[79]"></a>XSpi_GetSlaveSelect</STRONG> (Thumb, 88 bytes, Stack size 8 bytes, xspi.o(.text), UNUSED)
<BR><BR>[Calls]<UL><LI><a href="#[71]">&gt;&gt;</a>&nbsp;&nbsp;&nbsp;Xil_Assert
</UL>

<P><STRONG><a name="[7a]"></a>XSpi_SetStatusHandler</STRONG> (Thumb, 102 bytes, Stack size 16 bytes, xspi.o(.text), UNUSED)
<BR><BR>[Calls]<UL><LI><a href="#[71]">&gt;&gt;</a>&nbsp;&nbsp;&nbsp;Xil_Assert
</UL>

<P><STRONG><a name="[7b]"></a>XSpi_InterruptHandler</STRONG> (Thumb, 526 bytes, Stack size 16 bytes, xspi.o(.text), UNUSED)
<BR><BR>[Calls]<UL><LI><a href="#[71]">&gt;&gt;</a>&nbsp;&nbsp;&nbsp;Xil_Assert
</UL>

<P><STRONG><a name="[be]"></a>XSpi_LookupConfig</STRONG> (Thumb, 34 bytes, Stack size 0 bytes, xspi_sinit.o(.text), UNUSED)

<P><STRONG><a name="[5f]"></a>XSpi_Initialize</STRONG> (Thumb, 94 bytes, Stack size 8 bytes, xspi_sinit.o(.text), UNUSED)
<BR><BR>[Calls]<UL><LI><a href="#[77]">&gt;&gt;</a>&nbsp;&nbsp;&nbsp;XSpi_CfgInitialize
<LI><a href="#[71]">&gt;&gt;</a>&nbsp;&nbsp;&nbsp;Xil_Assert
</UL>
<BR>[Called By]<UL><LI><a href="#[5e]">&gt;&gt;</a>&nbsp;&nbsp;&nbsp;InitialiseSPI
</UL>

<P><STRONG><a name="[7c]"></a>XUartLite_CfgInitialize</STRONG> (Thumb, 88 bytes, Stack size 8 bytes, xuartlite.o(.text))
<BR><BR>[Stack]<UL><LI>Max Depth = 24<LI>Call Chain = XUartLite_CfgInitialize &rArr; XUartLite_ClearStats &rArr; Xil_Assert
</UL>
<BR>[Calls]<UL><LI><a href="#[7d]">&gt;&gt;</a>&nbsp;&nbsp;&nbsp;XUartLite_ClearStats
<LI><a href="#[71]">&gt;&gt;</a>&nbsp;&nbsp;&nbsp;Xil_Assert
</UL>
<BR>[Called By]<UL><LI><a href="#[69]">&gt;&gt;</a>&nbsp;&nbsp;&nbsp;XUartLite_Initialize
</UL>

<P><STRONG><a name="[7e]"></a>XUartLite_Send</STRONG> (Thumb, 198 bytes, Stack size 16 bytes, xuartlite.o(.text), UNUSED)
<BR><BR>[Calls]<UL><LI><a href="#[71]">&gt;&gt;</a>&nbsp;&nbsp;&nbsp;Xil_Assert
</UL>

<P><STRONG><a name="[82]"></a>XUartLite_SendBuffer</STRONG> (Thumb, 78 bytes, Stack size 8 bytes, xuartlite.o(.text))
<BR><BR>[Stack]<UL><LI>Max Depth = 8<LI>Call Chain = XUartLite_SendBuffer
</UL>
<BR>[Called By]<UL><LI><a href="#[6f]">&gt;&gt;</a>&nbsp;&nbsp;&nbsp;XUartLite_InterruptHandler
</UL>

<P><STRONG><a name="[6c]"></a>XUartLite_Recv</STRONG> (Thumb, 262 bytes, Stack size 16 bytes, xuartlite.o(.text))
<BR><BR>[Stack]<UL><LI>Max Depth = 24<LI>Call Chain = XUartLite_Recv &rArr; Xil_Assert
</UL>
<BR>[Calls]<UL><LI><a href="#[71]">&gt;&gt;</a>&nbsp;&nbsp;&nbsp;Xil_Assert
</UL>
<BR>[Called By]<UL><LI><a href="#[56]">&gt;&gt;</a>&nbsp;&nbsp;&nbsp;InitialiseUART
</UL>

<P><STRONG><a name="[81]"></a>XUartLite_ReceiveBuffer</STRONG> (Thumb, 134 bytes, Stack size 8 bytes, xuartlite.o(.text))
<BR><BR>[Stack]<UL><LI>Max Depth = 8<LI>Call Chain = XUartLite_ReceiveBuffer
</UL>
<BR>[Called By]<UL><LI><a href="#[6f]">&gt;&gt;</a>&nbsp;&nbsp;&nbsp;XUartLite_InterruptHandler
</UL>

<P><STRONG><a name="[7f]"></a>XUartLite_ResetFifos</STRONG> (Thumb, 92 bytes, Stack size 8 bytes, xuartlite.o(.text), UNUSED)
<BR><BR>[Calls]<UL><LI><a href="#[71]">&gt;&gt;</a>&nbsp;&nbsp;&nbsp;Xil_Assert
</UL>

<P><STRONG><a name="[80]"></a>XUartLite_IsSending</STRONG> (Thumb, 60 bytes, Stack size 8 bytes, xuartlite.o(.text), UNUSED)
<BR><BR>[Calls]<UL><LI><a href="#[71]">&gt;&gt;</a>&nbsp;&nbsp;&nbsp;Xil_Assert
</UL>

<P><STRONG><a name="[6b]"></a>XUartLite_SetRecvHandler</STRONG> (Thumb, 96 bytes, Stack size 16 bytes, xuartlite_intr.o(.text))
<BR><BR>[Stack]<UL><LI>Max Depth = 24<LI>Call Chain = XUartLite_SetRecvHandler &rArr; Xil_Assert
</UL>
<BR>[Calls]<UL><LI><a href="#[71]">&gt;&gt;</a>&nbsp;&nbsp;&nbsp;Xil_Assert
</UL>
<BR>[Called By]<UL><LI><a href="#[56]">&gt;&gt;</a>&nbsp;&nbsp;&nbsp;InitialiseUART
</UL>

<P><STRONG><a name="[6a]"></a>XUartLite_SetSendHandler</STRONG> (Thumb, 96 bytes, Stack size 16 bytes, xuartlite_intr.o(.text))
<BR><BR>[Stack]<UL><LI>Max Depth = 24<LI>Call Chain = XUartLite_SetSendHandler &rArr; Xil_Assert
</UL>
<BR>[Calls]<UL><LI><a href="#[71]">&gt;&gt;</a>&nbsp;&nbsp;&nbsp;Xil_Assert
</UL>
<BR>[Called By]<UL><LI><a href="#[56]">&gt;&gt;</a>&nbsp;&nbsp;&nbsp;InitialiseUART
</UL>

<P><STRONG><a name="[6f]"></a>XUartLite_InterruptHandler</STRONG> (Thumb, 124 bytes, Stack size 16 bytes, xuartlite_intr.o(.text))
<BR><BR>[Stack]<UL><LI>Max Depth = 24<LI>Call Chain = XUartLite_InterruptHandler &rArr; XUartLite_ReceiveBuffer
</UL>
<BR>[Calls]<UL><LI><a href="#[81]">&gt;&gt;</a>&nbsp;&nbsp;&nbsp;XUartLite_ReceiveBuffer
<LI><a href="#[82]">&gt;&gt;</a>&nbsp;&nbsp;&nbsp;XUartLite_SendBuffer
<LI><a href="#[71]">&gt;&gt;</a>&nbsp;&nbsp;&nbsp;Xil_Assert
</UL>
<BR>[Called By]<UL><LI><a href="#[a]">&gt;&gt;</a>&nbsp;&nbsp;&nbsp;UART0_Handler
</UL>

<P><STRONG><a name="[83]"></a>XUartLite_DisableInterrupt</STRONG> (Thumb, 84 bytes, Stack size 8 bytes, xuartlite_intr.o(.text), UNUSED)
<BR><BR>[Calls]<UL><LI><a href="#[71]">&gt;&gt;</a>&nbsp;&nbsp;&nbsp;Xil_Assert
</UL>

<P><STRONG><a name="[6e]"></a>XUartLite_EnableInterrupt</STRONG> (Thumb, 86 bytes, Stack size 8 bytes, xuartlite_intr.o(.text), UNUSED)
<BR><BR>[Calls]<UL><LI><a href="#[71]">&gt;&gt;</a>&nbsp;&nbsp;&nbsp;Xil_Assert
</UL>
<BR>[Called By]<UL><LI><a href="#[6d]">&gt;&gt;</a>&nbsp;&nbsp;&nbsp;EnableUARTInterrupts
</UL>

<P><STRONG><a name="[48]"></a>XUartLite_SendByte</STRONG> (Thumb, 10 bytes, Stack size 0 bytes, xuartlite_l.o(.text))
<BR><BR>[Calls]<UL><LI><a href="#[48]">&gt;&gt;</a>&nbsp;&nbsp;&nbsp;XUartLite_SendByte
</UL>
<BR>[Called By]<UL><LI><a href="#[48]">&gt;&gt;</a>&nbsp;&nbsp;&nbsp;XUartLite_SendByte
<LI><a href="#[47]">&gt;&gt;</a>&nbsp;&nbsp;&nbsp;outbyte
</UL>

<P><STRONG><a name="[84]"></a>XUartLite_RecvByte</STRONG> (Thumb, 12 bytes, Stack size 0 bytes, xuartlite_l.o(.text), UNUSED)
<BR><BR>[Calls]<UL><LI><a href="#[84]">&gt;&gt;</a>&nbsp;&nbsp;&nbsp;XUartLite_RecvByte
</UL>
<BR>[Called By]<UL><LI><a href="#[84]">&gt;&gt;</a>&nbsp;&nbsp;&nbsp;XUartLite_RecvByte
</UL>

<P><STRONG><a name="[bf]"></a>XUartLite_LookupConfig</STRONG> (Thumb, 20 bytes, Stack size 0 bytes, xuartlite_sinit.o(.text), UNUSED)

<P><STRONG><a name="[69]"></a>XUartLite_Initialize</STRONG> (Thumb, 80 bytes, Stack size 8 bytes, xuartlite_sinit.o(.text))
<BR><BR>[Stack]<UL><LI>Max Depth = 32<LI>Call Chain = XUartLite_Initialize &rArr; XUartLite_CfgInitialize &rArr; XUartLite_ClearStats &rArr; Xil_Assert
</UL>
<BR>[Calls]<UL><LI><a href="#[7c]">&gt;&gt;</a>&nbsp;&nbsp;&nbsp;XUartLite_CfgInitialize
<LI><a href="#[71]">&gt;&gt;</a>&nbsp;&nbsp;&nbsp;Xil_Assert
</UL>
<BR>[Called By]<UL><LI><a href="#[56]">&gt;&gt;</a>&nbsp;&nbsp;&nbsp;InitialiseUART
</UL>

<P><STRONG><a name="[85]"></a>XUartLite_GetStats</STRONG> (Thumb, 120 bytes, Stack size 8 bytes, xuartlite_stats.o(.text), UNUSED)
<BR><BR>[Calls]<UL><LI><a href="#[71]">&gt;&gt;</a>&nbsp;&nbsp;&nbsp;Xil_Assert
</UL>

<P><STRONG><a name="[7d]"></a>XUartLite_ClearStats</STRONG> (Thumb, 90 bytes, Stack size 8 bytes, xuartlite_stats.o(.text))
<BR><BR>[Stack]<UL><LI>Max Depth = 16<LI>Call Chain = XUartLite_ClearStats &rArr; Xil_Assert
</UL>
<BR>[Calls]<UL><LI><a href="#[71]">&gt;&gt;</a>&nbsp;&nbsp;&nbsp;Xil_Assert
</UL>
<BR>[Called By]<UL><LI><a href="#[7c]">&gt;&gt;</a>&nbsp;&nbsp;&nbsp;XUartLite_CfgInitialize
</UL>

<P><STRONG><a name="[51]"></a>__2sprintf</STRONG> (Thumb, 34 bytes, Stack size 32 bytes, noretval__2sprintf.o(.text))
<BR><BR>[Stack]<UL><LI>Max Depth = 120 + Unknown Stack Size
<LI>Call Chain = __2sprintf &rArr; _printf_char_common &rArr; __printf
</UL>
<BR>[Calls]<UL><LI><a href="#[30]">&gt;&gt;</a>&nbsp;&nbsp;&nbsp;_sputc
<LI><a href="#[86]">&gt;&gt;</a>&nbsp;&nbsp;&nbsp;_printf_char_common
</UL>
<BR>[Called By]<UL><LI><a href="#[68]">&gt;&gt;</a>&nbsp;&nbsp;&nbsp;WriteSPIData
<LI><a href="#[41]">&gt;&gt;</a>&nbsp;&nbsp;&nbsp;main
<LI><a href="#[54]">&gt;&gt;</a>&nbsp;&nbsp;&nbsp;handle_buttons_rgb
<LI><a href="#[4f]">&gt;&gt;</a>&nbsp;&nbsp;&nbsp;handle_switch_leds
</UL>

<P><STRONG><a name="[87]"></a>__printf</STRONG> (Thumb, 104 bytes, Stack size 24 bytes, __printf.o(.text))
<BR><BR>[Stack]<UL><LI>Max Depth = 24 + Unknown Stack Size
<LI>Call Chain = __printf
</UL>
<BR>[Calls]<UL><LI><a href="#[88]">&gt;&gt;</a>&nbsp;&nbsp;&nbsp;_printf_percent
</UL>
<BR>[Called By]<UL><LI><a href="#[86]">&gt;&gt;</a>&nbsp;&nbsp;&nbsp;_printf_char_common
</UL>

<P><STRONG><a name="[8b]"></a>_printf_str</STRONG> (Thumb, 82 bytes, Stack size 16 bytes, _printf_str.o(.text))
<BR><BR>[Stack]<UL><LI>Max Depth = 16<LI>Call Chain = _printf_str
</UL>
<BR>[Called By]<UL><LI><a href="#[8a]">&gt;&gt;</a>&nbsp;&nbsp;&nbsp;_printf_cs_common
</UL>

<P><STRONG><a name="[38]"></a>_printf_int_dec</STRONG> (Thumb, 104 bytes, Stack size 24 bytes, _printf_dec.o(.text))
<BR><BR>[Stack]<UL><LI>Max Depth = 56<LI>Call Chain = _printf_int_dec &rArr; _printf_int_common
</UL>
<BR>[Calls]<UL><LI><a href="#[89]">&gt;&gt;</a>&nbsp;&nbsp;&nbsp;_printf_int_common
</UL>
<BR>[Called By]<UL><LI><a href="#[39]">&gt;&gt;</a>&nbsp;&nbsp;&nbsp;_printf_d
<LI><a href="#[37]">&gt;&gt;</a>&nbsp;&nbsp;&nbsp;_printf_i
</UL>

<P><STRONG><a name="[67]"></a>__aeabi_memclr4</STRONG> (Thumb, 0 bytes, Stack size unknown bytes, rt_memclr_w.o(.text), UNUSED)
<BR><BR>[Called By]<UL><LI><a href="#[66]">&gt;&gt;</a>&nbsp;&nbsp;&nbsp;ReadQSPIBaseFlash
</UL>

<P><STRONG><a name="[c0]"></a>__aeabi_memclr8</STRONG> (Thumb, 0 bytes, Stack size unknown bytes, rt_memclr_w.o(.text), UNUSED)

<P><STRONG><a name="[c1]"></a>__rt_memclr_w</STRONG> (Thumb, 0 bytes, Stack size unknown bytes, rt_memclr_w.o(.text), UNUSED)

<P><STRONG><a name="[c2]"></a>_memset_w</STRONG> (Thumb, 74 bytes, Stack size 4 bytes, rt_memclr_w.o(.text), UNUSED)

<P><STRONG><a name="[c3]"></a>__use_two_region_memory</STRONG> (Thumb, 2 bytes, Stack size 0 bytes, heapauxi.o(.text), UNUSED)

<P><STRONG><a name="[c4]"></a>__rt_heap_escrow$2region</STRONG> (Thumb, 2 bytes, Stack size 0 bytes, heapauxi.o(.text), UNUSED)

<P><STRONG><a name="[c5]"></a>__rt_heap_expand$2region</STRONG> (Thumb, 2 bytes, Stack size 0 bytes, heapauxi.o(.text), UNUSED)

<P><STRONG><a name="[89]"></a>_printf_int_common</STRONG> (Thumb, 178 bytes, Stack size 32 bytes, _printf_intcommon.o(.text))
<BR><BR>[Stack]<UL><LI>Max Depth = 32<LI>Call Chain = _printf_int_common
</UL>
<BR>[Called By]<UL><LI><a href="#[38]">&gt;&gt;</a>&nbsp;&nbsp;&nbsp;_printf_int_dec
</UL>

<P><STRONG><a name="[86]"></a>_printf_char_common</STRONG> (Thumb, 32 bytes, Stack size 64 bytes, _printf_char_common.o(.text))
<BR><BR>[Stack]<UL><LI>Max Depth = 88 + Unknown Stack Size
<LI>Call Chain = _printf_char_common &rArr; __printf
</UL>
<BR>[Calls]<UL><LI><a href="#[87]">&gt;&gt;</a>&nbsp;&nbsp;&nbsp;__printf
</UL>
<BR>[Called By]<UL><LI><a href="#[51]">&gt;&gt;</a>&nbsp;&nbsp;&nbsp;__2sprintf
</UL>

<P><STRONG><a name="[30]"></a>_sputc</STRONG> (Thumb, 10 bytes, Stack size 0 bytes, _sputc.o(.text))
<BR><BR>[Called By]<UL><LI><a href="#[51]">&gt;&gt;</a>&nbsp;&nbsp;&nbsp;__2sprintf
</UL>
<BR>[Address Reference Count : 1]<UL><LI> noretval__2sprintf.o(.text)
</UL>
<P><STRONG><a name="[8a]"></a>_printf_cs_common</STRONG> (Thumb, 20 bytes, Stack size 8 bytes, _printf_char.o(.text))
<BR><BR>[Stack]<UL><LI>Max Depth = 24<LI>Call Chain = _printf_cs_common &rArr; _printf_str
</UL>
<BR>[Calls]<UL><LI><a href="#[8b]">&gt;&gt;</a>&nbsp;&nbsp;&nbsp;_printf_str
</UL>
<BR>[Called By]<UL><LI><a href="#[3b]">&gt;&gt;</a>&nbsp;&nbsp;&nbsp;_printf_string
<LI><a href="#[8c]">&gt;&gt;</a>&nbsp;&nbsp;&nbsp;_printf_char
</UL>

<P><STRONG><a name="[8c]"></a>_printf_char</STRONG> (Thumb, 16 bytes, Stack size 0 bytes, _printf_char.o(.text), UNUSED)
<BR><BR>[Calls]<UL><LI><a href="#[8a]">&gt;&gt;</a>&nbsp;&nbsp;&nbsp;_printf_cs_common
</UL>

<P><STRONG><a name="[3b]"></a>_printf_string</STRONG> (Thumb, 8 bytes, Stack size 0 bytes, _printf_char.o(.text))
<BR><BR>[Stack]<UL><LI>Max Depth = 24<LI>Call Chain = _printf_string &rArr; _printf_cs_common &rArr; _printf_str
</UL>
<BR>[Calls]<UL><LI><a href="#[8a]">&gt;&gt;</a>&nbsp;&nbsp;&nbsp;_printf_cs_common
</UL>
<BR>[Called By]<UL><LI><a href="#[3a]">&gt;&gt;</a>&nbsp;&nbsp;&nbsp;_printf_s
</UL>

<P><STRONG><a name="[3d]"></a>__user_setup_stackheap</STRONG> (Thumb, 74 bytes, Stack size 8 bytes, sys_stackheap_outer.o(.text))
<BR><BR>[Stack]<UL><LI>Max Depth = 8<LI>Call Chain = __user_setup_stackheap
</UL>
<BR>[Calls]<UL><LI><a href="#[8d]">&gt;&gt;</a>&nbsp;&nbsp;&nbsp;__user_perproc_libspace
<LI><a href="#[32]">&gt;&gt;</a>&nbsp;&nbsp;&nbsp;__user_initial_stackheap
</UL>
<BR>[Called By]<UL><LI><a href="#[3c]">&gt;&gt;</a>&nbsp;&nbsp;&nbsp;__rt_entry_sh
</UL>

<P><STRONG><a name="[42]"></a>exit</STRONG> (Thumb, 18 bytes, Stack size 8 bytes, exit.o(.text))
<BR><BR>[Stack]<UL><LI>Max Depth = 8 + Unknown Stack Size
<LI>Call Chain = exit
</UL>
<BR>[Calls]<UL><LI><a href="#[8e]">&gt;&gt;</a>&nbsp;&nbsp;&nbsp;__rt_exit
</UL>
<BR>[Called By]<UL><LI><a href="#[40]">&gt;&gt;</a>&nbsp;&nbsp;&nbsp;__rt_entry_main
</UL>

<P><STRONG><a name="[c6]"></a>__user_libspace</STRONG> (Thumb, 8 bytes, Stack size 0 bytes, libspace.o(.text), UNUSED)

<P><STRONG><a name="[8d]"></a>__user_perproc_libspace</STRONG> (Thumb, 0 bytes, Stack size 0 bytes, libspace.o(.text))
<BR><BR>[Called By]<UL><LI><a href="#[3d]">&gt;&gt;</a>&nbsp;&nbsp;&nbsp;__user_setup_stackheap
</UL>

<P><STRONG><a name="[c7]"></a>__user_perthread_libspace</STRONG> (Thumb, 0 bytes, Stack size 0 bytes, libspace.o(.text), UNUSED)

<P><STRONG><a name="[46]"></a>_sys_exit</STRONG> (Thumb, 8 bytes, Stack size 0 bytes, sys_exit.o(.text))
<BR><BR>[Called By]<UL><LI><a href="#[45]">&gt;&gt;</a>&nbsp;&nbsp;&nbsp;__rt_exit_exit
</UL>

<P><STRONG><a name="[c8]"></a>__I$use$semihosting</STRONG> (Thumb, 0 bytes, Stack size 0 bytes, use_no_semi.o(.text), UNUSED)

<P><STRONG><a name="[c9]"></a>__use_no_semihosting_swi</STRONG> (Thumb, 2 bytes, Stack size 0 bytes, use_no_semi.o(.text), UNUSED)

<P><STRONG><a name="[ca]"></a>__semihosting_library_function</STRONG> (Thumb, 0 bytes, Stack size unknown bytes, indicate_semi.o(.text), UNUSED)
<P>
<H3>
Local Symbols
</H3>
<P><STRONG><a name="[2e]"></a>StubStatusHandler</STRONG> (Thumb, 32 bytes, Stack size 8 bytes, xspi.o(.text))
<BR><BR>[Stack]<UL><LI>Max Depth = 16<LI>Call Chain = StubStatusHandler &rArr; Xil_Assert
</UL>
<BR>[Calls]<UL><LI><a href="#[71]">&gt;&gt;</a>&nbsp;&nbsp;&nbsp;Xil_Assert
</UL>
<BR>[Address Reference Count : 1]<UL><LI> xspi.o(.text)
</UL>
<P><STRONG><a name="[2f]"></a>StubHandler</STRONG> (Thumb, 32 bytes, Stack size 8 bytes, xuartlite.o(.text))
<BR><BR>[Stack]<UL><LI>Max Depth = 16<LI>Call Chain = StubHandler &rArr; Xil_Assert
</UL>
<BR>[Calls]<UL><LI><a href="#[71]">&gt;&gt;</a>&nbsp;&nbsp;&nbsp;Xil_Assert
</UL>
<BR>[Address Reference Count : 1]<UL><LI> xuartlite.o(.text)
</UL>
<P><STRONG><a name="[31]"></a>_printf_input_char</STRONG> (Thumb, 10 bytes, Stack size 0 bytes, _printf_char_common.o(.text))
<BR>[Address Reference Count : 1]<UL><LI> _printf_char_common.o(.text)
</UL><P>
<H3>
Undefined Global Symbols
</H3><HR></body></html>
