Duplicated file found; will not be sent for synthesis: /home/arjun/Vivado_PROJECTS/ARM_XPM_03_sept_2025/AT426-BU-98000-r0p1-00rel0/hardware/m3_for_arty_a7/block_diagram/ipshared/3d84/hdl/util_vector_logic_v2_0_vl_rfs.v
Duplicated file found; will not be sent for synthesis: /home/arjun/Vivado_PROJECTS/ARM_XPM_03_sept_2025/AT426-BU-98000-r0p1-00rel0/hardware/m3_for_arty_a7/block_diagram/ipshared/3d84/hdl/util_vector_logic_v2_0_vl_rfs.v
Duplicated file found; will not be sent for synthesis: /home/arjun/Vivado_PROJECTS/ARM_XPM_03_sept_2025/AT426-BU-98000-r0p1-00rel0/hardware/m3_for_arty_a7/block_diagram/ipshared/3d84/hdl/util_vector_logic_v2_0_vl_rfs.v
Duplicated file found; will not be sent for synthesis: /home/arjun/Vivado_PROJECTS/ARM_XPM_03_sept_2025/AT426-BU-98000-r0p1-00rel0/hardware/m3_for_arty_a7/block_diagram/ipshared/3d84/hdl/util_vector_logic_v2_0_vl_rfs.v
Duplicated file found; will not be sent for synthesis: /home/arjun/Vivado_PROJECTS/ARM_XPM_03_sept_2025/AT426-BU-98000-r0p1-00rel0/hardware/m3_for_arty_a7/block_diagram/ipshared/ef1e/hdl/lib_cdc_v1_0_rfs.vhd
Duplicated file found; will not be sent for synthesis: /home/arjun/Vivado_PROJECTS/ARM_XPM_03_sept_2025/AT426-BU-98000-r0p1-00rel0/hardware/m3_for_arty_a7/block_diagram/ipshared/8842/hdl/proc_sys_reset_v5_0_vh_rfs.vhd
Duplicated file found; will not be sent for synthesis: /home/arjun/Vivado_PROJECTS/ARM_XPM_03_sept_2025/AT426-BU-98000-r0p1-00rel0/hardware/m3_for_arty_a7/block_diagram/ipshared/ef1e/hdl/lib_cdc_v1_0_rfs.vhd
Duplicated file found; will not be sent for synthesis: /home/arjun/Vivado_PROJECTS/ARM_XPM_03_sept_2025/AT426-BU-98000-r0p1-00rel0/hardware/m3_for_arty_a7/block_diagram/ipshared/b752/hdl/generic_baseblocks_v2_1_vl_rfs.v
Duplicated file found; will not be sent for synthesis: /home/arjun/Vivado_PROJECTS/ARM_XPM_03_sept_2025/AT426-BU-98000-r0p1-00rel0/hardware/m3_for_arty_a7/block_diagram/ipshared/25a8/hdl/blk_mem_gen_v8_4_vhsyn_rfs.vhd
Duplicated file found; will not be sent for synthesis: /home/arjun/Vivado_PROJECTS/ARM_XPM_03_sept_2025/AT426-BU-98000-r0p1-00rel0/hardware/m3_for_arty_a7/block_diagram/ipshared/83df/hdl/fifo_generator_v13_2_vhsyn_rfs.vhd
Duplicated file found; will not be sent for synthesis: /home/arjun/Vivado_PROJECTS/ARM_XPM_03_sept_2025/AT426-BU-98000-r0p1-00rel0/hardware/m3_for_arty_a7/block_diagram/ipshared/5390/hdl/axi_data_fifo_v2_1_vl_rfs.v
Duplicated file found; will not be sent for synthesis: /home/arjun/Vivado_PROJECTS/ARM_XPM_03_sept_2025/AT426-BU-98000-r0p1-00rel0/hardware/m3_for_arty_a7/block_diagram/ipshared/ec67/hdl/axi_infrastructure_v1_1_0.vh
Duplicated file found; will not be sent for synthesis: /home/arjun/Vivado_PROJECTS/ARM_XPM_03_sept_2025/AT426-BU-98000-r0p1-00rel0/hardware/m3_for_arty_a7/block_diagram/ipshared/ec67/hdl/axi_infrastructure_v1_1_vl_rfs.v
Duplicated file found; will not be sent for synthesis: /home/arjun/Vivado_PROJECTS/ARM_XPM_03_sept_2025/AT426-BU-98000-r0p1-00rel0/hardware/m3_for_arty_a7/block_diagram/ipshared/0a3f/hdl/axi_register_slice_v2_1_vl_rfs.v
Duplicated file found; will not be sent for synthesis: /home/arjun/Vivado_PROJECTS/ARM_XPM_03_sept_2025/AT426-BU-98000-r0p1-00rel0/hardware/m3_for_arty_a7/block_diagram/ipshared/ef1e/hdl/lib_cdc_v1_0_rfs.vhd
Duplicated file found; will not be sent for synthesis: /home/arjun/Vivado_PROJECTS/ARM_XPM_03_sept_2025/AT426-BU-98000-r0p1-00rel0/hardware/m3_for_arty_a7/block_diagram/ipshared/25a8/hdl/blk_mem_gen_v8_4_vhsyn_rfs.vhd
Duplicated file found; will not be sent for synthesis: /home/arjun/Vivado_PROJECTS/ARM_XPM_03_sept_2025/AT426-BU-98000-r0p1-00rel0/hardware/m3_for_arty_a7/block_diagram/ipshared/83df/hdl/fifo_generator_v13_2_vhsyn_rfs.vhd
Duplicated file found; will not be sent for synthesis: /home/arjun/Vivado_PROJECTS/ARM_XPM_03_sept_2025/AT426-BU-98000-r0p1-00rel0/hardware/m3_for_arty_a7/block_diagram/ipshared/66ea/hdl/axi_lite_ipif_v3_0_vh_rfs.vhd
Duplicated file found; will not be sent for synthesis: /home/arjun/Vivado_PROJECTS/ARM_XPM_03_sept_2025/AT426-BU-98000-r0p1-00rel0/hardware/m3_for_arty_a7/block_diagram/ipshared/a040/hdl/interrupt_control_v3_1_vh_rfs.vhd
Duplicated file found; will not be sent for synthesis: /home/arjun/Vivado_PROJECTS/ARM_XPM_03_sept_2025/AT426-BU-98000-r0p1-00rel0/hardware/m3_for_arty_a7/block_diagram/ipshared/0513/hdl/lib_pkg_v1_0_rfs.vhd
Duplicated file found; will not be sent for synthesis: /home/arjun/Vivado_PROJECTS/ARM_XPM_03_sept_2025/AT426-BU-98000-r0p1-00rel0/hardware/m3_for_arty_a7/block_diagram/ipshared/ef1e/hdl/lib_cdc_v1_0_rfs.vhd
Duplicated file found; will not be sent for synthesis: /home/arjun/Vivado_PROJECTS/ARM_XPM_03_sept_2025/AT426-BU-98000-r0p1-00rel0/hardware/m3_for_arty_a7/block_diagram/ipshared/51ce/hdl/lib_srl_fifo_v1_0_rfs.vhd
Duplicated file found; will not be sent for synthesis: /home/arjun/Vivado_PROJECTS/ARM_XPM_03_sept_2025/AT426-BU-98000-r0p1-00rel0/hardware/m3_for_arty_a7/block_diagram/ipshared/25a8/hdl/blk_mem_gen_v8_4_vhsyn_rfs.vhd
Duplicated file found; will not be sent for synthesis: /home/arjun/Vivado_PROJECTS/ARM_XPM_03_sept_2025/AT426-BU-98000-r0p1-00rel0/hardware/m3_for_arty_a7/block_diagram/ipshared/83df/hdl/fifo_generator_v13_2_vhsyn_rfs.vhd
Duplicated file found; will not be sent for synthesis: /home/arjun/Vivado_PROJECTS/ARM_XPM_03_sept_2025/AT426-BU-98000-r0p1-00rel0/hardware/m3_for_arty_a7/block_diagram/ipshared/6c82/hdl/lib_fifo_v1_0_rfs.vhd
Duplicated file found; will not be sent for synthesis: /home/arjun/Vivado_PROJECTS/ARM_XPM_03_sept_2025/AT426-BU-98000-r0p1-00rel0/hardware/m3_for_arty_a7/block_diagram/ipshared/0bf5/hdl/dist_mem_gen_v8_0_vhsyn_rfs.vhd
Duplicated file found; will not be sent for synthesis: /home/arjun/Vivado_PROJECTS/ARM_XPM_03_sept_2025/AT426-BU-98000-r0p1-00rel0/hardware/m3_for_arty_a7/block_diagram/ipshared/66ea/hdl/axi_lite_ipif_v3_0_vh_rfs.vhd
Duplicated file found; will not be sent for synthesis: /home/arjun/Vivado_PROJECTS/ARM_XPM_03_sept_2025/AT426-BU-98000-r0p1-00rel0/hardware/m3_for_arty_a7/block_diagram/ipshared/a040/hdl/interrupt_control_v3_1_vh_rfs.vhd
Duplicated file found; will not be sent for synthesis: /home/arjun/Vivado_PROJECTS/ARM_XPM_03_sept_2025/AT426-BU-98000-r0p1-00rel0/hardware/m3_for_arty_a7/block_diagram/ipshared/67dc/hdl/axi_quad_spi_v3_2_rfs.vhd
Duplicated file found; will not be sent for synthesis: /home/arjun/Vivado_PROJECTS/ARM_XPM_03_sept_2025/AT426-BU-98000-r0p1-00rel0/hardware/m3_for_arty_a7/block_diagram/ipshared/0513/hdl/lib_pkg_v1_0_rfs.vhd
Duplicated file found; will not be sent for synthesis: /home/arjun/Vivado_PROJECTS/ARM_XPM_03_sept_2025/AT426-BU-98000-r0p1-00rel0/hardware/m3_for_arty_a7/block_diagram/ipshared/ef1e/hdl/lib_cdc_v1_0_rfs.vhd
Duplicated file found; will not be sent for synthesis: /home/arjun/Vivado_PROJECTS/ARM_XPM_03_sept_2025/AT426-BU-98000-r0p1-00rel0/hardware/m3_for_arty_a7/block_diagram/ipshared/51ce/hdl/lib_srl_fifo_v1_0_rfs.vhd
Duplicated file found; will not be sent for synthesis: /home/arjun/Vivado_PROJECTS/ARM_XPM_03_sept_2025/AT426-BU-98000-r0p1-00rel0/hardware/m3_for_arty_a7/block_diagram/ipshared/25a8/hdl/blk_mem_gen_v8_4_vhsyn_rfs.vhd
Duplicated file found; will not be sent for synthesis: /home/arjun/Vivado_PROJECTS/ARM_XPM_03_sept_2025/AT426-BU-98000-r0p1-00rel0/hardware/m3_for_arty_a7/block_diagram/ipshared/83df/hdl/fifo_generator_v13_2_vhsyn_rfs.vhd
Duplicated file found; will not be sent for synthesis: /home/arjun/Vivado_PROJECTS/ARM_XPM_03_sept_2025/AT426-BU-98000-r0p1-00rel0/hardware/m3_for_arty_a7/block_diagram/ipshared/6c82/hdl/lib_fifo_v1_0_rfs.vhd
Duplicated file found; will not be sent for synthesis: /home/arjun/Vivado_PROJECTS/ARM_XPM_03_sept_2025/AT426-BU-98000-r0p1-00rel0/hardware/m3_for_arty_a7/block_diagram/ipshared/0bf5/hdl/dist_mem_gen_v8_0_vhsyn_rfs.vhd
Duplicated file found; will not be sent for synthesis: /home/arjun/Vivado_PROJECTS/ARM_XPM_03_sept_2025/AT426-BU-98000-r0p1-00rel0/hardware/m3_for_arty_a7/block_diagram/ipshared/66ea/hdl/axi_lite_ipif_v3_0_vh_rfs.vhd
Duplicated file found; will not be sent for synthesis: /home/arjun/Vivado_PROJECTS/ARM_XPM_03_sept_2025/AT426-BU-98000-r0p1-00rel0/hardware/m3_for_arty_a7/block_diagram/ipshared/a040/hdl/interrupt_control_v3_1_vh_rfs.vhd
Duplicated file found; will not be sent for synthesis: /home/arjun/Vivado_PROJECTS/ARM_XPM_03_sept_2025/AT426-BU-98000-r0p1-00rel0/hardware/m3_for_arty_a7/block_diagram/ipshared/67dc/hdl/axi_quad_spi_v3_2_rfs.vhd
Duplicated file found; will not be sent for synthesis: /home/arjun/Vivado_PROJECTS/ARM_XPM_03_sept_2025/AT426-BU-98000-r0p1-00rel0/hardware/m3_for_arty_a7/block_diagram/ipshared/3c31/hdl/axi_bram_ctrl_v4_1_rfs.vhd
Duplicated file found; will not be sent for synthesis: /home/arjun/Vivado_PROJECTS/ARM_XPM_03_sept_2025/AT426-BU-98000-r0p1-00rel0/hardware/m3_for_arty_a7/block_diagram/ipshared/66ea/hdl/axi_lite_ipif_v3_0_vh_rfs.vhd
Duplicated file found; will not be sent for synthesis: /home/arjun/Vivado_PROJECTS/ARM_XPM_03_sept_2025/AT426-BU-98000-r0p1-00rel0/hardware/m3_for_arty_a7/block_diagram/ipshared/ef1e/hdl/lib_cdc_v1_0_rfs.vhd
Duplicated file found; will not be sent for synthesis: /home/arjun/Vivado_PROJECTS/ARM_XPM_03_sept_2025/AT426-BU-98000-r0p1-00rel0/hardware/m3_for_arty_a7/block_diagram/ipshared/a040/hdl/interrupt_control_v3_1_vh_rfs.vhd
Duplicated file found; will not be sent for synthesis: /home/arjun/Vivado_PROJECTS/ARM_XPM_03_sept_2025/AT426-BU-98000-r0p1-00rel0/hardware/m3_for_arty_a7/block_diagram/ipshared/3ed9/hdl/axi_gpio_v2_0_vh_rfs.vhd
Duplicated file found; will not be sent for synthesis: /home/arjun/Vivado_PROJECTS/ARM_XPM_03_sept_2025/AT426-BU-98000-r0p1-00rel0/hardware/m3_for_arty_a7/block_diagram/ipshared/66ea/hdl/axi_lite_ipif_v3_0_vh_rfs.vhd
Duplicated file found; will not be sent for synthesis: /home/arjun/Vivado_PROJECTS/ARM_XPM_03_sept_2025/AT426-BU-98000-r0p1-00rel0/hardware/m3_for_arty_a7/block_diagram/ipshared/ef1e/hdl/lib_cdc_v1_0_rfs.vhd
Duplicated file found; will not be sent for synthesis: /home/arjun/Vivado_PROJECTS/ARM_XPM_03_sept_2025/AT426-BU-98000-r0p1-00rel0/hardware/m3_for_arty_a7/block_diagram/ipshared/a040/hdl/interrupt_control_v3_1_vh_rfs.vhd
Duplicated file found; will not be sent for synthesis: /home/arjun/Vivado_PROJECTS/ARM_XPM_03_sept_2025/AT426-BU-98000-r0p1-00rel0/hardware/m3_for_arty_a7/block_diagram/ipshared/3ed9/hdl/axi_gpio_v2_0_vh_rfs.vhd
Duplicated file found; will not be sent for synthesis: /home/arjun/Vivado_PROJECTS/ARM_XPM_03_sept_2025/AT426-BU-98000-r0p1-00rel0/hardware/m3_for_arty_a7/block_diagram/ipshared/b752/hdl/generic_baseblocks_v2_1_vl_rfs.v
Duplicated file found; will not be sent for synthesis: /home/arjun/Vivado_PROJECTS/ARM_XPM_03_sept_2025/AT426-BU-98000-r0p1-00rel0/hardware/m3_for_arty_a7/block_diagram/ipshared/ec67/hdl/axi_infrastructure_v1_1_0.vh
Duplicated file found; will not be sent for synthesis: /home/arjun/Vivado_PROJECTS/ARM_XPM_03_sept_2025/AT426-BU-98000-r0p1-00rel0/hardware/m3_for_arty_a7/block_diagram/ipshared/ec67/hdl/axi_infrastructure_v1_1_vl_rfs.v
Duplicated file found; will not be sent for synthesis: /home/arjun/Vivado_PROJECTS/ARM_XPM_03_sept_2025/AT426-BU-98000-r0p1-00rel0/hardware/m3_for_arty_a7/block_diagram/ipshared/0a3f/hdl/axi_register_slice_v2_1_vl_rfs.v
Duplicated file found; will not be sent for synthesis: /home/arjun/Vivado_PROJECTS/ARM_XPM_03_sept_2025/AT426-BU-98000-r0p1-00rel0/hardware/m3_for_arty_a7/block_diagram/ipshared/25a8/hdl/blk_mem_gen_v8_4_vhsyn_rfs.vhd
Duplicated file found; will not be sent for synthesis: /home/arjun/Vivado_PROJECTS/ARM_XPM_03_sept_2025/AT426-BU-98000-r0p1-00rel0/hardware/m3_for_arty_a7/block_diagram/ipshared/83df/hdl/fifo_generator_v13_2_vhsyn_rfs.vhd
Duplicated file found; will not be sent for synthesis: /home/arjun/Vivado_PROJECTS/ARM_XPM_03_sept_2025/AT426-BU-98000-r0p1-00rel0/hardware/m3_for_arty_a7/block_diagram/ipshared/5390/hdl/axi_data_fifo_v2_1_vl_rfs.v
Duplicated file found; will not be sent for synthesis: /home/arjun/Vivado_PROJECTS/ARM_XPM_03_sept_2025/AT426-BU-98000-r0p1-00rel0/hardware/m3_for_arty_a7/block_diagram/ipshared/3fa0/hdl/axi_crossbar_v2_1_vl_rfs.v
Duplicated file found; will not be sent for synthesis: /home/arjun/Vivado_PROJECTS/ARM_XPM_03_sept_2025/AT426-BU-98000-r0p1-00rel0/hardware/m3_for_arty_a7/block_diagram/ipshared/b752/hdl/generic_baseblocks_v2_1_vl_rfs.v
Duplicated file found; will not be sent for synthesis: /home/arjun/Vivado_PROJECTS/ARM_XPM_03_sept_2025/AT426-BU-98000-r0p1-00rel0/hardware/m3_for_arty_a7/block_diagram/ipshared/25a8/hdl/blk_mem_gen_v8_4_vhsyn_rfs.vhd
Duplicated file found; will not be sent for synthesis: /home/arjun/Vivado_PROJECTS/ARM_XPM_03_sept_2025/AT426-BU-98000-r0p1-00rel0/hardware/m3_for_arty_a7/block_diagram/ipshared/83df/hdl/fifo_generator_v13_2_vhsyn_rfs.vhd
Duplicated file found; will not be sent for synthesis: /home/arjun/Vivado_PROJECTS/ARM_XPM_03_sept_2025/AT426-BU-98000-r0p1-00rel0/hardware/m3_for_arty_a7/block_diagram/ipshared/5390/hdl/axi_data_fifo_v2_1_vl_rfs.v
Duplicated file found; will not be sent for synthesis: /home/arjun/Vivado_PROJECTS/ARM_XPM_03_sept_2025/AT426-BU-98000-r0p1-00rel0/hardware/m3_for_arty_a7/block_diagram/ipshared/ec67/hdl/axi_infrastructure_v1_1_0.vh
Duplicated file found; will not be sent for synthesis: /home/arjun/Vivado_PROJECTS/ARM_XPM_03_sept_2025/AT426-BU-98000-r0p1-00rel0/hardware/m3_for_arty_a7/block_diagram/ipshared/ec67/hdl/axi_infrastructure_v1_1_vl_rfs.v
Duplicated file found; will not be sent for synthesis: /home/arjun/Vivado_PROJECTS/ARM_XPM_03_sept_2025/AT426-BU-98000-r0p1-00rel0/hardware/m3_for_arty_a7/block_diagram/ipshared/0a3f/hdl/axi_register_slice_v2_1_vl_rfs.v
Duplicated file found; will not be sent for synthesis: /home/arjun/Vivado_PROJECTS/ARM_XPM_03_sept_2025/AT426-BU-98000-r0p1-00rel0/hardware/m3_for_arty_a7/block_diagram/ipshared/90c8/hdl/axi_protocol_converter_v2_1_vl_rfs.v
Duplicated file found; will not be sent for synthesis: /home/arjun/Vivado_PROJECTS/ARM_XPM_03_sept_2025/AT426-BU-98000-r0p1-00rel0/hardware/m3_for_arty_a7/block_diagram/ipshared/b752/hdl/generic_baseblocks_v2_1_vl_rfs.v
Duplicated file found; will not be sent for synthesis: /home/arjun/Vivado_PROJECTS/ARM_XPM_03_sept_2025/AT426-BU-98000-r0p1-00rel0/hardware/m3_for_arty_a7/block_diagram/ipshared/ec67/hdl/axi_infrastructure_v1_1_0.vh
Duplicated file found; will not be sent for synthesis: /home/arjun/Vivado_PROJECTS/ARM_XPM_03_sept_2025/AT426-BU-98000-r0p1-00rel0/hardware/m3_for_arty_a7/block_diagram/ipshared/ec67/hdl/axi_infrastructure_v1_1_vl_rfs.v
Duplicated file found; will not be sent for synthesis: /home/arjun/Vivado_PROJECTS/ARM_XPM_03_sept_2025/AT426-BU-98000-r0p1-00rel0/hardware/m3_for_arty_a7/block_diagram/ipshared/0a3f/hdl/axi_register_slice_v2_1_vl_rfs.v
Duplicated file found; will not be sent for synthesis: /home/arjun/Vivado_PROJECTS/ARM_XPM_03_sept_2025/AT426-BU-98000-r0p1-00rel0/hardware/m3_for_arty_a7/block_diagram/ipshared/25a8/hdl/blk_mem_gen_v8_4_vhsyn_rfs.vhd
Duplicated file found; will not be sent for synthesis: /home/arjun/Vivado_PROJECTS/ARM_XPM_03_sept_2025/AT426-BU-98000-r0p1-00rel0/hardware/m3_for_arty_a7/block_diagram/ipshared/83df/hdl/fifo_generator_v13_2_vhsyn_rfs.vhd
Duplicated file found; will not be sent for synthesis: /home/arjun/Vivado_PROJECTS/ARM_XPM_03_sept_2025/AT426-BU-98000-r0p1-00rel0/hardware/m3_for_arty_a7/block_diagram/ipshared/5390/hdl/axi_data_fifo_v2_1_vl_rfs.v
Duplicated file found; will not be sent for synthesis: /home/arjun/Vivado_PROJECTS/ARM_XPM_03_sept_2025/AT426-BU-98000-r0p1-00rel0/hardware/m3_for_arty_a7/block_diagram/ipshared/3fa0/hdl/axi_crossbar_v2_1_vl_rfs.v
Duplicated file found; will not be sent for synthesis: /home/arjun/Vivado_PROJECTS/ARM_XPM_03_sept_2025/AT426-BU-98000-r0p1-00rel0/hardware/m3_for_arty_a7/block_diagram/ipshared/b752/hdl/generic_baseblocks_v2_1_vl_rfs.v
Duplicated file found; will not be sent for synthesis: /home/arjun/Vivado_PROJECTS/ARM_XPM_03_sept_2025/AT426-BU-98000-r0p1-00rel0/hardware/m3_for_arty_a7/block_diagram/ipshared/25a8/hdl/blk_mem_gen_v8_4_vhsyn_rfs.vhd
Duplicated file found; will not be sent for synthesis: /home/arjun/Vivado_PROJECTS/ARM_XPM_03_sept_2025/AT426-BU-98000-r0p1-00rel0/hardware/m3_for_arty_a7/block_diagram/ipshared/83df/hdl/fifo_generator_v13_2_vhsyn_rfs.vhd
Duplicated file found; will not be sent for synthesis: /home/arjun/Vivado_PROJECTS/ARM_XPM_03_sept_2025/AT426-BU-98000-r0p1-00rel0/hardware/m3_for_arty_a7/block_diagram/ipshared/5390/hdl/axi_data_fifo_v2_1_vl_rfs.v
Duplicated file found; will not be sent for synthesis: /home/arjun/Vivado_PROJECTS/ARM_XPM_03_sept_2025/AT426-BU-98000-r0p1-00rel0/hardware/m3_for_arty_a7/block_diagram/ipshared/ec67/hdl/axi_infrastructure_v1_1_0.vh
Duplicated file found; will not be sent for synthesis: /home/arjun/Vivado_PROJECTS/ARM_XPM_03_sept_2025/AT426-BU-98000-r0p1-00rel0/hardware/m3_for_arty_a7/block_diagram/ipshared/ec67/hdl/axi_infrastructure_v1_1_vl_rfs.v
Duplicated file found; will not be sent for synthesis: /home/arjun/Vivado_PROJECTS/ARM_XPM_03_sept_2025/AT426-BU-98000-r0p1-00rel0/hardware/m3_for_arty_a7/block_diagram/ipshared/0a3f/hdl/axi_register_slice_v2_1_vl_rfs.v
Duplicated file found; will not be sent for synthesis: /home/arjun/Vivado_PROJECTS/ARM_XPM_03_sept_2025/AT426-BU-98000-r0p1-00rel0/hardware/m3_for_arty_a7/block_diagram/ipshared/90c8/hdl/axi_protocol_converter_v2_1_vl_rfs.v
Duplicated file found; will not be sent for synthesis: /home/arjun/Vivado_PROJECTS/ARM_XPM_03_sept_2025/AT426-BU-98000-r0p1-00rel0/hardware/m3_for_arty_a7/block_diagram/ipshared/0513/hdl/lib_pkg_v1_0_rfs.vhd
Duplicated file found; will not be sent for synthesis: /home/arjun/Vivado_PROJECTS/ARM_XPM_03_sept_2025/AT426-BU-98000-r0p1-00rel0/hardware/m3_for_arty_a7/block_diagram/ipshared/ef1e/hdl/lib_cdc_v1_0_rfs.vhd
Duplicated file found; will not be sent for synthesis: /home/arjun/Vivado_PROJECTS/ARM_XPM_03_sept_2025/AT426-BU-98000-r0p1-00rel0/hardware/m3_for_arty_a7/block_diagram/ipshared/51ce/hdl/lib_srl_fifo_v1_0_rfs.vhd
Duplicated file found; will not be sent for synthesis: /home/arjun/Vivado_PROJECTS/ARM_XPM_03_sept_2025/AT426-BU-98000-r0p1-00rel0/hardware/m3_for_arty_a7/block_diagram/ipshared/25a8/hdl/blk_mem_gen_v8_4_vhsyn_rfs.vhd
Duplicated file found; will not be sent for synthesis: /home/arjun/Vivado_PROJECTS/ARM_XPM_03_sept_2025/AT426-BU-98000-r0p1-00rel0/hardware/m3_for_arty_a7/block_diagram/ipshared/83df/hdl/fifo_generator_v13_2_vhsyn_rfs.vhd
Duplicated file found; will not be sent for synthesis: /home/arjun/Vivado_PROJECTS/ARM_XPM_03_sept_2025/AT426-BU-98000-r0p1-00rel0/hardware/m3_for_arty_a7/block_diagram/ipshared/6c82/hdl/lib_fifo_v1_0_rfs.vhd
Duplicated file found; will not be sent for synthesis: /home/arjun/Vivado_PROJECTS/ARM_XPM_03_sept_2025/AT426-BU-98000-r0p1-00rel0/hardware/m3_for_arty_a7/block_diagram/ipshared/0bf5/hdl/dist_mem_gen_v8_0_vhsyn_rfs.vhd
Duplicated file found; will not be sent for synthesis: /home/arjun/Vivado_PROJECTS/ARM_XPM_03_sept_2025/AT426-BU-98000-r0p1-00rel0/hardware/m3_for_arty_a7/block_diagram/ipshared/66ea/hdl/axi_lite_ipif_v3_0_vh_rfs.vhd
Duplicated file found; will not be sent for synthesis: /home/arjun/Vivado_PROJECTS/ARM_XPM_03_sept_2025/AT426-BU-98000-r0p1-00rel0/hardware/m3_for_arty_a7/block_diagram/ipshared/a040/hdl/interrupt_control_v3_1_vh_rfs.vhd
Duplicated file found; will not be sent for synthesis: /home/arjun/Vivado_PROJECTS/ARM_XPM_03_sept_2025/AT426-BU-98000-r0p1-00rel0/hardware/m3_for_arty_a7/block_diagram/ipshared/67dc/hdl/axi_quad_spi_v3_2_rfs.vhd
Duplicated file found; will not be sent for synthesis: /home/arjun/Vivado_PROJECTS/ARM_XPM_03_sept_2025/AT426-BU-98000-r0p1-00rel0/hardware/m3_for_arty_a7/block_diagram/ipshared/66ea/hdl/axi_lite_ipif_v3_0_vh_rfs.vhd
Duplicated file found; will not be sent for synthesis: /home/arjun/Vivado_PROJECTS/ARM_XPM_03_sept_2025/AT426-BU-98000-r0p1-00rel0/hardware/m3_for_arty_a7/block_diagram/ipshared/0513/hdl/lib_pkg_v1_0_rfs.vhd
Duplicated file found; will not be sent for synthesis: /home/arjun/Vivado_PROJECTS/ARM_XPM_03_sept_2025/AT426-BU-98000-r0p1-00rel0/hardware/m3_for_arty_a7/block_diagram/ipshared/51ce/hdl/lib_srl_fifo_v1_0_rfs.vhd
Duplicated file found; will not be sent for synthesis: /home/arjun/Vivado_PROJECTS/ARM_XPM_03_sept_2025/AT426-BU-98000-r0p1-00rel0/hardware/m3_for_arty_a7/block_diagram/ipshared/ef1e/hdl/lib_cdc_v1_0_rfs.vhd
Duplicated file found; will not be sent for synthesis: /home/arjun/Vivado_PROJECTS/ARM_XPM_03_sept_2025/AT426-BU-98000-r0p1-00rel0/hardware/m3_for_arty_a7/block_diagram/ipshared/25a8/hdl/blk_mem_gen_v8_4_vhsyn_rfs.vhd
Duplicated file found; will not be sent for synthesis: /home/arjun/Vivado_PROJECTS/ARM_XPM_03_sept_2025/AT426-BU-98000-r0p1-00rel0/hardware/m3_for_arty_a7/block_diagram/ipshared/4b67/hdl/xlconcat_v2_1_vl_rfs.v
Duplicated file found; will not be sent for synthesis: /home/arjun/Vivado_PROJECTS/ARM_XPM_03_sept_2025/AT426-BU-98000-r0p1-00rel0/hardware/m3_for_arty_a7/block_diagram/ipshared/fcfc/hdl/xlconstant_v1_1_vl_rfs.v
CRC performance measure: elapsed=00:00:00s;;memory_peak=3336.641MB;;memory_gain=0.000MB
